Microchip MPLAB XC8 Compiler V1.41 ()

Linker command line:

-W-3 --edf=C:\Program Files (x86)\Microchip\xc8\v1.41\dat\en_msgs.txt -cs \
  -h+dist/Default/production\pic_serial_bms_v.2.production.sym \
  --cmf=dist/Default/production\pic_serial_bms_v.2.production.cmf -z \
  -Q18F47J53 -oC:\Users\tomas\AppData\Local\Temp\s5t0.2 \
  -Mdist/Default/production/pic_serial_bms_v.2.production.map -E1 -ver=XC8 \
  -ASTACK=0CAh-0eafh -pstack=STACK -ACODE=00h-01FFF7h -ACONST=00h-01FFF7h \
  -ASMALLCONST=0F00h-0FFFhx496,01FF00h-01FFF7h \
  -AMEDIUMCONST=0F00h-0FFFFh,010F00h-01FFF7h -ACOMRAM=01h-05Fh \
  -AABS1=00h-0EAFh -ABIGRAM=01h-0EAFh \
  -ARAM=060h-0FFh,0100h-01FFhx13,0E00h-0EAFh -ABANK0=060h-0FFh \
  -ABANK1=0100h-01FFh -ABANK2=0200h-02FFh -ABANK3=0300h-03FFh \
  -ABANK4=0400h-04FFh -ABANK5=0500h-05FFh -ABANK6=0600h-06FFh \
  -ABANK7=0700h-07FFh -ABANK8=0800h-08FFh -ABANK9=0900h-09FFh \
  -ABANK10=0A00h-0AFFh -ABANK11=0B00h-0BFFh -ABANK12=0C00h-0CFFh \
  -ABANK13=0D00h-0DFFh -ABANK14=0E00h-0EAFh \
  -ASFR=0EB0h-0EFFh,0F00h-0F5Fh,0F60h-0FFFh \
  -preset_vec=00h,intcode=08h,intcodelo=018h,powerup,init -pramtop=0F00h \
  -psmallconst=SMALLCONST -pmediumconst=MEDIUMCONST -pconst=CONST \
  -AFARRAM=00h-00h -ACONFIG=01FFF8h-01FFFFh -pconfig=CONFIG \
  -pjflash_buffer=01F800h \
  -prdata=COMRAM,nvrram=COMRAM,nvbit=COMRAM,rbss=COMRAM,rbit=COMRAM \
  -pfarbss=FARRAM,fardata=FARRAM,nvFARRAM=FARRAM \
  -pintsave_regs=BIGRAM,bigbss=BIGRAM,bigdata=BIGRAM -pbss=RAM \
  -pidata=CODE,irdata=CODE,ibigdata=CODE,ifardata=CODE -prparam=COMRAM \
  C:\Users\tomas\AppData\Local\Temp\s5t0.obj \
  dist/Default/production\pic_serial_bms_v.2.production.obj 

Object code version is 3.11

Machine type is 18F47J53

Call graph: (short form)




                Name                               Link     Load   Length Selector   Space Scale
C:\Users\tomas\AppData\Local\Temp\s5t0.obj
                init                                 A6       A6        4        C       0
                reset_vec                             0        0        4        0       0
                config                            1FFF8    1FFF8        8    1FFF8       0
dist/Default/production\pic_serial_bms_v.2.production.obj
                intcodelo                            18       18       8E        C       0
                intcode                               8        8        6        4       0
                temp                                 3C       3C        1        1       1
                smallconst                          F00      F00        4      780       0
                text16                             1394     1394       18      782       0
                intcode_body                        FD0      FD0       A4      782       0
                text13                             13BE     13BE        C      782       0
                text12                             135A     135A       1E      782       0
                text11                              F04      F04       CC      782       0
                text10                             1074     1074       9A      782       0
                text9                              12D6     12D6       3A      782       0
                text8                              1212     1212       46      782       0
                text7                              1258     1258       40      782       0
                text6                              13AC     13AC       12      782       0
                text5                              116C     116C       56      782       0
                text4                              11C2     11C2       50      782       0
                text3                              1378     1378       1C      782       0
                text2                              1298     1298       3E      782       0
                text1                              133A     133A       20      782       0
                text0                              110E     110E       5E      782       0
                cstackCOMRAM                          1        1       34        1       1
                cstackBANK0                          C4       C4        6       60       1
                bssBANK0                             60       60       64       60       1
                bssCOMRAM                            35       35        7        1       1
                cinit                              1310     1310       2A      782       0

TOTAL           Name                               Link     Load   Length     Space
        CLASS   STACK          

        CLASS   CODE           
                intcodelo                            18       18       8E         0
                intcode                               8        8        6         0
                init                                 A6       A6        4         0
                reset_vec                             0        0        4         0
                text16                             1394     1394       18         0
                intcode_body                        FD0      FD0       A4         0
                text13                             13BE     13BE        C         0
                text12                             135A     135A       1E         0
                text11                              F04      F04       CC         0
                text10                             1074     1074       9A         0
                text9                              12D6     12D6       3A         0
                text8                              1212     1212       46         0
                text7                              1258     1258       40         0
                text6                              13AC     13AC       12         0
                text5                              116C     116C       56         0
                text4                              11C2     11C2       50         0
                text3                              1378     1378       1C         0
                text2                              1298     1298       3E         0
                text1                              133A     133A       20         0
                text0                              110E     110E       5E         0
                cinit                              1310     1310       2A         0

        CLASS   CONST          

        CLASS   SMALLCONST     
                smallconst                          F00      F00        4         0

        CLASS   MEDIUMCONST    

        CLASS   COMRAM         
                temp                                 3C       3C        1         1
                cstackCOMRAM                          1        1       34         1
                bssCOMRAM                            35       35        7         1

        CLASS   ABS1           

        CLASS   BIGRAM         

        CLASS   RAM            

        CLASS   BANK0          
                cstackBANK0                          C4       C4        6         1
                bssBANK0                             60       60       64         1

        CLASS   BANK1          

        CLASS   BANK2          

        CLASS   BANK3          

        CLASS   BANK4          

        CLASS   BANK5          

        CLASS   BANK6          

        CLASS   BANK7          

        CLASS   BANK8          

        CLASS   BANK9          

        CLASS   BANK10         

        CLASS   BANK11         

        CLASS   BANK12         

        CLASS   BANK13         

        CLASS   BANK14         

        CLASS   SFR            

        CLASS   FARRAM         

        CLASS   CONFIG         
                config                            1FFF8    1FFF8        8         0

        CLASS   IDLOC          



SEGMENTS        Name                           Load    Length   Top    Selector   Space  Class

                reset_vec                      000000  000004  000004         0       0  CODE    
                cstackCOMRAM                   000001  00003C  00003D         1       1  COMRAM  
                intcode                        000008  000006  00000E         4       0  CODE    
                intcodelo                      000018  000092  0000AA         C       0  CODE    
                bssBANK0                       000060  00006A  0000CA        60       1  BANK0   
                smallconst                     000F00  000004  000F04       780       0  SMALLCON
                text11                         000F04  0004C6  0013CA       782       0  CODE    
                config                         01FFF8  000008  020000     1FFF8       0  CONFIG  


UNUSED ADDRESS RANGES

        Name                Unused          Largest block    Delta
        BANK0            000CA-000FF              36
        BANK1            00100-001FF             100
        BANK10           00A00-00AFF             100
        BANK11           00B00-00BFF             100
        BANK12           00C00-00CFF             100
        BANK13           00D00-00DFF             100
        BANK14           00E00-00EAF              B0
        BANK2            00200-002FF             100
        BANK3            00300-003FF             100
        BANK4            00400-004FF             100
        BANK5            00500-005FF             100
        BANK6            00600-006FF             100
        BANK7            00700-007FF             100
        BANK8            00800-008FF             100
        BANK9            00900-009FF             100
        BIGRAM           0003D-0005F              23
                         000CA-00EAF             DE6
        CODE             00004-00007               4
                         0000E-00017               A
                         000AA-00EFF             E56
                         013CA-1FFF7           1EC2E
        COMRAM           0003D-0005F              23
        CONST            00004-00007               4
                         0000E-00017               A
                         000AA-00EFF             E56
                         013CA-1FFF7           1EC2E
        MEDIUMCONST      013CA-0FFFF            EC36
                         10F00-1FFF7            F0F8
        RAM              000CA-00EAF             100
        SFR              00EB0-00FFF              60
        SMALLCONST       013CA-1FFF7             100
        STACK            000CA-00EAF             DE6

                                  Symbol Table

?___aldiv                     cstackCOMRAM  00022
?___lmul                      cstackCOMRAM  00022
?_strlen                      cstackCOMRAM  00022
UART_Init@baudrate            cstackCOMRAM  00030
UART_Init@x                   cstackBANK0   000C4
UART_Write@data               cstackCOMRAM  00023
UART_Write@dev                cstackCOMRAM  00022
_BAUDCON1bits                 (abs)         00F7E
_BAUDCON2bits                 (abs)         00F7C
_ConfigureOscillator          text13        013BE
_INTCON                       (abs)         00FF2
_InitApp                      text12        0135A
_LATAbits                     (abs)         00F89
_OSCCONbits                   (abs)         00FD3
_OSCTUNEbits                  (abs)         00F9B
_PORTDbits                    (abs)         00F83
_PPSCON                       (abs)         00EBF
_RC1IE                        (abs)         07CED
_RC1IF                        (abs)         07CF5
_RC2IE                        (abs)         07D1D
_RC2IF                        (abs)         07D25
_RCIF                         (abs)         07CF5
_RCREG1                       (abs)         00FAF
_RCREG2                       (abs)         00FAA
_RCSTA1                       (abs)         00FAC
_RCSTA2                       (abs)         00F9C
_RPINR16                      (abs)         00EF7
_RPOR8                        (abs)         00EC8
_SPBRG1                       (abs)         00FB0
_SPBRG2                       (abs)         00FAB
_SPBRGH1                      (abs)         00F7F
_SPBRGH2                      (abs)         00F7D
_TRISAbits                    (abs)         00F92
_TRISB4                       (abs)         07C9C
_TRISB5                       (abs)         07C9D
_TRISC6                       (abs)         07CA6
_TRISC7                       (abs)         07CA7
_TRISDbits                    (abs)         00F95
_TXREG1                       (abs)         00FAE
_TXREG2                       (abs)         00FA9
_TXSTA1                       (abs)         00FAD
_TXSTA1bits                   (abs)         00FAD
_TXSTA2                       (abs)         00FA8
_TXSTA2bits                   (abs)         00FA8
_UART_Init                    text10        01074
_UART_Init$1265               cstackBANK0   000C6
_UART_Write                   text3         01378
__CFG_ADCSEL$BIT10            (abs)         00000
__CFG_CFGPLLEN$OFF            (abs)         00000
__CFG_CLKOEC$ON               (abs)         00000
__CFG_CP0$OFF                 (abs)         00000
__CFG_CPUDIV$OSC1             (abs)         00000
__CFG_DSBOREN$ON              (abs)         00000
__CFG_DSWDTEN$ON              (abs)         00000
__CFG_DSWDTOSC$INTOSCREF      (abs)         00000
__CFG_DSWDTPS$G2              (abs)         00000
__CFG_FCMEN$ON                (abs)         00000
__CFG_IESO$ON                 (abs)         00000
__CFG_IOL1WAY$ON              (abs)         00000
__CFG_LS48MHZ$SYS48X8         (abs)         00000
__CFG_MSSP7B_EN$MSK7          (abs)         00000
__CFG_OSC$INTOSC              (abs)         00000
__CFG_PLLDIV$1                (abs)         00000
__CFG_RTCOSC$T1OSCREF         (abs)         00000
__CFG_SOSCSEL$HIGH            (abs)         00000
__CFG_STVREN$ON               (abs)         00000
__CFG_WDTEN$OFF               (abs)         00000
__CFG_WDTPS$32768             (abs)         00000
__CFG_WPCFG$OFF               (abs)         00000
__CFG_WPDIS$OFF               (abs)         00000
__CFG_WPEND$PAGE_WPFP         (abs)         00000
__CFG_WPFP$PAGE_127           (abs)         00000
__CFG_XINST$OFF               (abs)         00000
__HRAM                        (abs)         00000
__Habs1                       abs1          00000
__Hbank0                      bank0         00000
__Hbank1                      bank1         00000
__Hbank10                     bank10        00000
__Hbank11                     bank11        00000
__Hbank12                     bank12        00000
__Hbank13                     bank13        00000
__Hbank14                     bank14        00000
__Hbank2                      bank2         00000
__Hbank3                      bank3         00000
__Hbank4                      bank4         00000
__Hbank5                      bank5         00000
__Hbank6                      bank6         00000
__Hbank7                      bank7         00000
__Hbank8                      bank8         00000
__Hbank9                      bank9         00000
__Hbigbss                     bigbss        00000
__Hbigdata                    bigdata       00000
__Hbigram                     bigram        00000
__Hbss                        bss           00000
__HbssBANK0                   bssBANK0      00000
__HbssCOMRAM                  bssCOMRAM     00000
__Hcinit                      cinit         00000
__Hclrtext                    clrtext       00000
__Hcomram                     comram        00000
__Hconfig                     config        20000
__Hconst                      const         00000
__HcstackBANK0                cstackBANK0   00000
__HcstackCOMRAM               cstackCOMRAM  00000
__Hdata                       data          00000
__Hfarbss                     farbss        00000
__Hfardata                    fardata       00000
__Hibigdata                   ibigdata      00000
__Hidata                      idata         00000
__Hidloc                      idloc         00000
__Hifardata                   ifardata      00000
__Hinit                       init          000AA
__Hintcode                    intcode       0000E
__Hintcode_body               intcode_body  00000
__Hintcodelo                  intcodelo     000A6
__Hintentry                   intentry      00000
__Hintret                     intret        00000
__Hintsave_regs               intsave_regs  00000
__Hirdata                     irdata        00000
__Hjflash_buffer              jflash_buffer 1F800
__Hmediumconst                mediumconst   00000
__HnvFARRAM                   nvFARRAM      00000
__Hnvbit                      nvbit         00000
__Hnvrram                     nvrram        00000
__Hparam                      rparam        00000
__Hpowerup                    powerup       000A6
__Hram                        ram           00000
__Hramtop                     ramtop        00F00
__Hrbit                       rbit          00000
__Hrbss                       rbss          00000
__Hrdata                      rdata         00000
__Hreset_vec                  reset_vec     00004
__Hrparam                     rparam        00000
__Hsfr                        sfr           00000
__Hsmallconst                 smallconst    00F04
__Hspace_0                    (abs)         20000
__Hspace_1                    (abs)         000CA
__Hspace_2                    (abs)         00000
__Hstack                      stack         00000
__Hstruct                     struct        00000
__Htemp                       temp          0003D
__Htext                       text          00000
__Htext0                      text0         00000
__Htext1                      text1         00000
__Htext10                     text10        00000
__Htext11                     text11        00000
__Htext12                     text12        00000
__Htext13                     text13        00000
__Htext16                     text16        00000
__Htext2                      text2         00000
__Htext3                      text3         00000
__Htext4                      text4         00000
__Htext5                      text5         00000
__Htext6                      text6         00000
__Htext7                      text7         00000
__Htext8                      text8         00000
__Htext9                      text9         00000
__LRAM                        (abs)         00001
__Labs1                       abs1          00000
__Lbank0                      bank0         00000
__Lbank1                      bank1         00000
__Lbank10                     bank10        00000
__Lbank11                     bank11        00000
__Lbank12                     bank12        00000
__Lbank13                     bank13        00000
__Lbank14                     bank14        00000
__Lbank2                      bank2         00000
__Lbank3                      bank3         00000
__Lbank4                      bank4         00000
__Lbank5                      bank5         00000
__Lbank6                      bank6         00000
__Lbank7                      bank7         00000
__Lbank8                      bank8         00000
__Lbank9                      bank9         00000
__Lbigbss                     bigbss        00000
__Lbigdata                    bigdata       00000
__Lbigram                     bigram        00000
__Lbss                        bss           00000
__LbssBANK0                   bssBANK0      00000
__LbssCOMRAM                  bssCOMRAM     00000
__Lcinit                      cinit         00000
__Lclrtext                    clrtext       00000
__Lcomram                     comram        00000
__Lconfig                     config        1FFF8
__Lconst                      const         00000
__LcstackBANK0                cstackBANK0   00000
__LcstackCOMRAM               cstackCOMRAM  00000
__Ldata                       data          00000
__Lfarbss                     farbss        00000
__Lfardata                    fardata       00000
__Libigdata                   ibigdata      00000
__Lidata                      idata         00000
__Lidloc                      idloc         00000
__Lifardata                   ifardata      00000
__Linit                       init          000A6
__Lintcode                    intcode       00008
__Lintcode_body               intcode_body  00000
__Lintcodelo                  intcodelo     00018
__Lintentry                   intentry      00000
__Lintret                     intret        00000
__Lintsave_regs               intsave_regs  00000
__Lirdata                     irdata        00000
__Ljflash_buffer              jflash_buffer 1F800
__Lmediumconst                mediumconst   00000
__LnvFARRAM                   nvFARRAM      00000
__Lnvbit                      nvbit         00000
__Lnvrram                     nvrram        00000
__Lparam                      rparam        00000
__Lpowerup                    powerup       000A6
__Lram                        ram           00000
__Lramtop                     ramtop        00F00
__Lrbit                       rbit          00000
__Lrbss                       rbss          00000
__Lrdata                      rdata         00000
__Lreset_vec                  reset_vec     00000
__Lrparam                     rparam        00000
__Lsfr                        sfr           00000
__Lsmallconst                 smallconst    00F00
__Lspace_0                    (abs)         00000
__Lspace_1                    (abs)         00000
__Lspace_2                    (abs)         00000
__Lstack                      stack         00000
__Lstruct                     struct        00000
__Ltemp                       temp          0003C
__Ltext                       text          00000
__Ltext0                      text0         00000
__Ltext1                      text1         00000
__Ltext10                     text10        00000
__Ltext11                     text11        00000
__Ltext12                     text12        00000
__Ltext13                     text13        00000
__Ltext16                     text16        00000
__Ltext2                      text2         00000
__Ltext3                      text3         00000
__Ltext4                      text4         00000
__Ltext5                      text5         00000
__Ltext6                      text6         00000
__Ltext7                      text7         00000
__Ltext8                      text8         00000
__Ltext9                      text9         00000
__S0                          (abs)         20000
__S1                          (abs)         000CA
__S2                          (abs)         00000
___aldiv                      text11        00F04
___aldiv@counter              cstackCOMRAM  0002A
___aldiv@dividend             cstackCOMRAM  00022
___aldiv@divisor              cstackCOMRAM  00026
___aldiv@quotient             cstackCOMRAM  0002C
___aldiv@sign                 cstackCOMRAM  0002B
___inthi_sp                   stack         00000
___intlo_sp                   stack         00000
___lmul                       text5         0116C
___lmul@multiplicand          cstackCOMRAM  00026
___lmul@multiplier            cstackCOMRAM  00022
___lmul@product               cstackCOMRAM  0002A
___param_bank                 (abs)         00000
___rparam_used                (abs)         00001
___sp                         stack         00000
__accesstop                   (abs)         00060
__activetblptr                (abs)         00001
__end_of_ConfigureOscillator  text13        013CA
__end_of_InitApp              text12        01378
__end_of_UART_Init            text10        0110E
__end_of_UART_Write           text3         01394
__end_of___aldiv              text11        00FD0
__end_of___lmul               text5         011C2
__end_of__initialization      cinit         01328
__end_of_appendChar           text16        013AC
__end_of_clearBuffer          text8         01258
__end_of_copyTmpBuffer        text7         01298
__end_of_high_isr             intcode_body  01074
__end_of_isItLongEnough       text6         013BE
__end_of_low_isr              intcodelo     000A6
__end_of_main                 text0         0116C
__end_of_strlen               text9         01310
__end_of_wait_ms              text4         01212
__end_of_writeResult          text1         0135A
__end_of_writeString          text2         012D6
__initialization              cinit         01310
__mediumconst                 mediumconst   00000
__pbssBANK0                   bssBANK0      00060
__pbssCOMRAM                  bssCOMRAM     00035
__pcinit                      cinit         01310
__pcstackBANK0                cstackBANK0   000C4
__pcstackCOMRAM               cstackCOMRAM  00001
__pintcode                    intcode       00008
__pintcode_body               intcode_body  00FD0
__pintcodelo                  intcodelo     00018
__psmallconst                 smallconst    00F00
__ptext0                      text0         0110E
__ptext1                      text1         0133A
__ptext10                     text10        01074
__ptext11                     text11        00F04
__ptext12                     text12        0135A
__ptext13                     text13        013BE
__ptext16                     text16        01394
__ptext2                      text2         01298
__ptext3                      text3         01378
__ptext4                      text4         011C2
__ptext5                      text5         0116C
__ptext6                      text6         013AC
__ptext7                      text7         01258
__ptext8                      text8         01212
__ptext9                      text9         012D6
__ramtop                      ramtop        00F00
__size_of_ConfigureOscillator (abs)         00000
__size_of_InitApp             (abs)         00000
__size_of_UART_Init           (abs)         00000
__size_of_UART_Write          (abs)         00000
__size_of___aldiv             (abs)         00000
__size_of___lmul              (abs)         00000
__size_of_appendChar          (abs)         00000
__size_of_clearBuffer         (abs)         00000
__size_of_copyTmpBuffer       (abs)         00000
__size_of_high_isr            (abs)         00000
__size_of_isItLongEnough      (abs)         00000
__size_of_low_isr             (abs)         00000
__size_of_main                (abs)         00000
__size_of_strlen              (abs)         00000
__size_of_wait_ms             (abs)         00000
__size_of_writeResult         (abs)         00000
__size_of_writeString         (abs)         00000
__smallconst                  smallconst    00F00
_appendChar                   text16        01394
_clearBuffer                  text8         01212
_copyTmpBuffer                text7         01258
_flaggan                      bssCOMRAM     0003B
_high_isr                     intcode       00008
_index                        bssCOMRAM     00039
_isItLongEnough               text6         013AC
_low_isr                      intcodelo     00018
_main                         text0         0110E
_realString                   bssBANK0      00060
_strlen                       text9         012D6
_tmpString                    bssBANK0      00092
_wait_ms                      text4         011C2
_writeResult                  text1         0133A
_writeString                  text2         01298
appendChar@data               cstackCOMRAM  00001
btemp                         temp          0003C
clearBuffer@i                 cstackCOMRAM  00028
copyTmpBuffer@i               cstackCOMRAM  00023
end_of_initialization         cinit         01328
int$flags                     temp          0003C
int_func                      intcode_body  00FD0
intlevel0                     text          00000
intlevel1                     text          00000
intlevel2                     text          00000
intlevel3                     text          00000
main@var                      cstackCOMRAM  00034
stackhi                       (abs)         00EAF
stacklo                       (abs)         000CA
start                         init          000A6
start_initialization          cinit         01310
strlen@cp                     cstackCOMRAM  00026
strlen@s                      cstackCOMRAM  00022
wait_ms@time                  cstackCOMRAM  0002E
wait_ms@timel                 bssCOMRAM     00035
writeResult@dev               cstackCOMRAM  00030
writeString@dev               cstackCOMRAM  0002A
writeString@i                 cstackCOMRAM  0002B
writeString@str               cstackCOMRAM  00028


FUNCTION INFORMATION:

 *************** function _main *****************
 Defined at:
		line 38 in file "main.c"
 Parameters:    Size  Location     Type
		None
 Auto vars:     Size  Location     Type
  var             1   51[COMRAM] unsigned char 
  result          1    0        unsigned char 
 Return value:  Size  Location     Type
                  1    wreg      void 
 Registers used:
		wreg, fsr1l, fsr1h, fsr2l, fsr2h, status,2, status,0, cstack
 Tracked objects:
		On entry : 
		On exit  : 
		Unchanged: 
 Data sizes:     COMRAM   BANK0   BANK1   BANK2   BANK3   BANK4   BANK5   BANK6   BANK7   BANK8   BANK9  BANK10  BANK11  BANK12  BANK13  BANK14
      Params:         0       0       0       0       0       0       0       0       0       0       0       0       0       0       0       0
      Locals:         1       0       0       0       0       0       0       0       0       0       0       0       0       0       0       0
      Temps:          0       0       0       0       0       0       0       0       0       0       0       0       0       0       0       0
      Totals:         1       0       0       0       0       0       0       0       0       0       0       0       0       0       0       0
Total ram usage:        1 bytes
 Hardware stack levels required when called:    6
 This function calls:
		_ConfigureOscillator
		_InitApp
		_UART_Init
		_clearBuffer
		_copyTmpBuffer
		_isItLongEnough
		_wait_ms
		_writeResult
 This function is called by:
		Startup code after reset
 This function uses a non-reentrant model


 *************** function _writeResult *****************
 Defined at:
		line 155 in file "uart.c"
 Parameters:    Size  Location     Type
  dev             1    wreg     unsigned char 
 Auto vars:     Size  Location     Type
  dev             1   47[COMRAM] unsigned char 
 Return value:  Size  Location     Type
                  1    wreg      void 
 Registers used:
		wreg, fsr2l, fsr2h, status,2, status,0, cstack
 Tracked objects:
		On entry : 
		On exit  : 
		Unchanged: 
 Data sizes:     COMRAM   BANK0   BANK1   BANK2   BANK3   BANK4   BANK5   BANK6   BANK7   BANK8   BANK9  BANK10  BANK11  BANK12  BANK13  BANK14
      Params:         0       0       0       0       0       0       0       0       0       0       0       0       0       0       0       0
      Locals:         1       0       0       0       0       0       0       0       0       0       0       0       0       0       0       0
      Temps:          0       0       0       0       0       0       0       0       0       0       0       0       0       0       0       0
      Totals:         1       0       0       0       0       0       0       0       0       0       0       0       0       0       0       0
Total ram usage:        1 bytes
 Hardware stack levels used:    1
 Hardware stack levels required when called:    5
 This function calls:
		_wait_ms
		_writeString
 This function is called by:
		_main
 This function uses a non-reentrant model


 *************** function _writeString *****************
 Defined at:
		line 117 in file "uart.c"
 Parameters:    Size  Location     Type
  str             2   39[COMRAM] PTR unsigned char 
		 -> realString(50), 
  dev             1   41[COMRAM] unsigned char 
 Auto vars:     Size  Location     Type
  i               2   42[COMRAM] int 
 Return value:  Size  Location     Type
                  1    wreg      void 
 Registers used:
		wreg, fsr2l, fsr2h, status,2, status,0, cstack
 Tracked objects:
		On entry : 
		On exit  : 
		Unchanged: 
 Data sizes:     COMRAM   BANK0   BANK1   BANK2   BANK3   BANK4   BANK5   BANK6   BANK7   BANK8   BANK9  BANK10  BANK11  BANK12  BANK13  BANK14
      Params:         3       0       0       0       0       0       0       0       0       0       0       0       0       0       0       0
      Locals:         2       0       0       0       0       0       0       0       0       0       0       0       0       0       0       0
      Temps:          0       0       0       0       0       0       0       0       0       0       0       0       0       0       0       0
      Totals:         5       0       0       0       0       0       0       0       0       0       0       0       0       0       0       0
Total ram usage:        5 bytes
 Hardware stack levels used:    1
 Hardware stack levels required when called:    4
 This function calls:
		_UART_Write
		_strlen
 This function is called by:
		_writeResult
 This function uses a non-reentrant model


 *************** function _UART_Write *****************
 Defined at:
		line 81 in file "uart.c"
 Parameters:    Size  Location     Type
  data            1    wreg     unsigned char 
  dev             1   33[COMRAM] unsigned char 
 Auto vars:     Size  Location     Type
  data            1   34[COMRAM] unsigned char 
 Return value:  Size  Location     Type
                  1    wreg      void 
 Registers used:
		wreg, status,2, status,0
 Tracked objects:
		On entry : 
		On exit  : 
		Unchanged: 
 Data sizes:     COMRAM   BANK0   BANK1   BANK2   BANK3   BANK4   BANK5   BANK6   BANK7   BANK8   BANK9  BANK10  BANK11  BANK12  BANK13  BANK14
      Params:         1       0       0       0       0       0       0       0       0       0       0       0       0       0       0       0
      Locals:         1       0       0       0       0       0       0       0       0       0       0       0       0       0       0       0
      Temps:          0       0       0       0       0       0       0       0       0       0       0       0       0       0       0       0
      Totals:         2       0       0       0       0       0       0       0       0       0       0       0       0       0       0       0
Total ram usage:        2 bytes
 Hardware stack levels used:    1
 Hardware stack levels required when called:    3
 This function calls:
		Nothing
 This function is called by:
		_writeString
 This function uses a non-reentrant model


 *************** function _wait_ms *****************
 Defined at:
		line 35 in file "system.c"
 Parameters:    Size  Location     Type
  time            2   45[COMRAM] unsigned int 
 Auto vars:     Size  Location     Type
		None
 Return value:  Size  Location     Type
                  1    wreg      void 
 Registers used:
		wreg, status,2, status,0, cstack
 Tracked objects:
		On entry : 
		On exit  : 
		Unchanged: 
 Data sizes:     COMRAM   BANK0   BANK1   BANK2   BANK3   BANK4   BANK5   BANK6   BANK7   BANK8   BANK9  BANK10  BANK11  BANK12  BANK13  BANK14
      Params:         2       0       0       0       0       0       0       0       0       0       0       0       0       0       0       0
      Locals:         0       0       0       0       0       0       0       0       0       0       0       0       0       0       0       0
      Temps:          0       0       0       0       0       0       0       0       0       0       0       0       0       0       0       0
      Totals:         2       0       0       0       0       0       0       0       0       0       0       0       0       0       0       0
Total ram usage:        2 bytes
 Hardware stack levels used:    1
 Hardware stack levels required when called:    4
 This function calls:
		___lmul
 This function is called by:
		_main
		_writeResult
 This function uses a non-reentrant model


 *************** function ___lmul *****************
 Defined at:
		line 15 in file "C:\Program Files (x86)\Microchip\xc8\v1.41\sources\common\Umul32.c"
 Parameters:    Size  Location     Type
  multiplier      4   33[COMRAM] unsigned long 
  multiplicand    4   37[COMRAM] unsigned long 
 Auto vars:     Size  Location     Type
  product         4   41[COMRAM] unsigned long 
 Return value:  Size  Location     Type
                  4   33[COMRAM] unsigned long 
 Registers used:
		wreg, status,2, status,0
 Tracked objects:
		On entry : 
		On exit  : 
		Unchanged: 
 Data sizes:     COMRAM   BANK0   BANK1   BANK2   BANK3   BANK4   BANK5   BANK6   BANK7   BANK8   BANK9  BANK10  BANK11  BANK12  BANK13  BANK14
      Params:         8       0       0       0       0       0       0       0       0       0       0       0       0       0       0       0
      Locals:         4       0       0       0       0       0       0       0       0       0       0       0       0       0       0       0
      Temps:          0       0       0       0       0       0       0       0       0       0       0       0       0       0       0       0
      Totals:        12       0       0       0       0       0       0       0       0       0       0       0       0       0       0       0
Total ram usage:       12 bytes
 Hardware stack levels used:    1
 Hardware stack levels required when called:    3
 This function calls:
		Nothing
 This function is called by:
		_wait_ms
 This function uses a non-reentrant model


 *************** function _isItLongEnough *****************
 Defined at:
		line 132 in file "uart.c"
 Parameters:    Size  Location     Type
		None
 Auto vars:     Size  Location     Type
		None
 Return value:  Size  Location     Type
                  1    wreg      unsigned char 
 Registers used:
		wreg, status,2, status,0
 Tracked objects:
		On entry : 
		On exit  : 
		Unchanged: 
 Data sizes:     COMRAM   BANK0   BANK1   BANK2   BANK3   BANK4   BANK5   BANK6   BANK7   BANK8   BANK9  BANK10  BANK11  BANK12  BANK13  BANK14
      Params:         0       0       0       0       0       0       0       0       0       0       0       0       0       0       0       0
      Locals:         0       0       0       0       0       0       0       0       0       0       0       0       0       0       0       0
      Temps:          0       0       0       0       0       0       0       0       0       0       0       0       0       0       0       0
      Totals:         0       0       0       0       0       0       0       0       0       0       0       0       0       0       0       0
Total ram usage:        0 bytes
 Hardware stack levels used:    1
 Hardware stack levels required when called:    3
 This function calls:
		Nothing
 This function is called by:
		_main
 This function uses a non-reentrant model


 *************** function _copyTmpBuffer *****************
 Defined at:
		line 149 in file "uart.c"
 Parameters:    Size  Location     Type
		None
 Auto vars:     Size  Location     Type
  i               2   34[COMRAM] int 
 Return value:  Size  Location     Type
                  1    wreg      void 
 Registers used:
		wreg, fsr1l, fsr1h, fsr2l, fsr2h, status,2, status,0
 Tracked objects:
		On entry : 
		On exit  : 
		Unchanged: 
 Data sizes:     COMRAM   BANK0   BANK1   BANK2   BANK3   BANK4   BANK5   BANK6   BANK7   BANK8   BANK9  BANK10  BANK11  BANK12  BANK13  BANK14
      Params:         0       0       0       0       0       0       0       0       0       0       0       0       0       0       0       0
      Locals:         2       0       0       0       0       0       0       0       0       0       0       0       0       0       0       0
      Temps:          1       0       0       0       0       0       0       0       0       0       0       0       0       0       0       0
      Totals:         3       0       0       0       0       0       0       0       0       0       0       0       0       0       0       0
Total ram usage:        3 bytes
 Hardware stack levels used:    1
 Hardware stack levels required when called:    3
 This function calls:
		Nothing
 This function is called by:
		_main
 This function uses a non-reentrant model


 *************** function _clearBuffer *****************
 Defined at:
		line 141 in file "uart.c"
 Parameters:    Size  Location     Type
		None
 Auto vars:     Size  Location     Type
  i               2   39[COMRAM] int 
 Return value:  Size  Location     Type
                  1    wreg      void 
 Registers used:
		wreg, fsr2l, fsr2h, status,2, status,0, cstack
 Tracked objects:
		On entry : 
		On exit  : 
		Unchanged: 
 Data sizes:     COMRAM   BANK0   BANK1   BANK2   BANK3   BANK4   BANK5   BANK6   BANK7   BANK8   BANK9  BANK10  BANK11  BANK12  BANK13  BANK14
      Params:         0       0       0       0       0       0       0       0       0       0       0       0       0       0       0       0
      Locals:         2       0       0       0       0       0       0       0       0       0       0       0       0       0       0       0
      Temps:          0       0       0       0       0       0       0       0       0       0       0       0       0       0       0       0
      Totals:         2       0       0       0       0       0       0       0       0       0       0       0       0       0       0       0
Total ram usage:        2 bytes
 Hardware stack levels used:    1
 Hardware stack levels required when called:    4
 This function calls:
		_strlen
 This function is called by:
		_main
 This function uses a non-reentrant model


 *************** function _strlen *****************
 Defined at:
		line 4 in file "C:\Program Files (x86)\Microchip\xc8\v1.41\sources\common\strlen.c"
 Parameters:    Size  Location     Type
  s               2   33[COMRAM] PTR const unsigned char 
		 -> realString(50), tmpString(50), 
 Auto vars:     Size  Location     Type
  cp              2   37[COMRAM] PTR const unsigned char 
		 -> realString(50), tmpString(50), 
 Return value:  Size  Location     Type
                  2   33[COMRAM] unsigned int 
 Registers used:
		wreg, fsr2l, fsr2h, status,2, status,0
 Tracked objects:
		On entry : 
		On exit  : 
		Unchanged: 
 Data sizes:     COMRAM   BANK0   BANK1   BANK2   BANK3   BANK4   BANK5   BANK6   BANK7   BANK8   BANK9  BANK10  BANK11  BANK12  BANK13  BANK14
      Params:         2       0       0       0       0       0       0       0       0       0       0       0       0       0       0       0
      Locals:         2       0       0       0       0       0       0       0       0       0       0       0       0       0       0       0
      Temps:          2       0       0       0       0       0       0       0       0       0       0       0       0       0       0       0
      Totals:         6       0       0       0       0       0       0       0       0       0       0       0       0       0       0       0
Total ram usage:        6 bytes
 Hardware stack levels used:    1
 Hardware stack levels required when called:    3
 This function calls:
		Nothing
 This function is called by:
		_writeString
		_clearBuffer
 This function uses a non-reentrant model


 *************** function _UART_Init *****************
 Defined at:
		line 35 in file "uart.c"
 Parameters:    Size  Location     Type
  baudrate        4   47[COMRAM] const long 
 Auto vars:     Size  Location     Type
  x               2    0[BANK0 ] unsigned int 
 Return value:  Size  Location     Type
                  1    wreg      unsigned char 
 Registers used:
		wreg, status,2, status,0, cstack
 Tracked objects:
		On entry : 
		On exit  : 
		Unchanged: 
 Data sizes:     COMRAM   BANK0   BANK1   BANK2   BANK3   BANK4   BANK5   BANK6   BANK7   BANK8   BANK9  BANK10  BANK11  BANK12  BANK13  BANK14
      Params:         4       0       0       0       0       0       0       0       0       0       0       0       0       0       0       0
      Locals:         0       6       0       0       0       0       0       0       0       0       0       0       0       0       0       0
      Temps:          0       0       0       0       0       0       0       0       0       0       0       0       0       0       0       0
      Totals:         4       6       0       0       0       0       0       0       0       0       0       0       0       0       0       0
Total ram usage:       10 bytes
 Hardware stack levels used:    1
 Hardware stack levels required when called:    4
 This function calls:
		___aldiv
 This function is called by:
		_main
 This function uses a non-reentrant model


 *************** function ___aldiv *****************
 Defined at:
		line 8 in file "C:\Program Files (x86)\Microchip\xc8\v1.41\sources\common\aldiv.c"
 Parameters:    Size  Location     Type
  dividend        4   33[COMRAM] long 
  divisor         4   37[COMRAM] long 
 Auto vars:     Size  Location     Type
  quotient        4   43[COMRAM] long 
  sign            1   42[COMRAM] unsigned char 
  counter         1   41[COMRAM] unsigned char 
 Return value:  Size  Location     Type
                  4   33[COMRAM] long 
 Registers used:
		wreg, status,2, status,0
 Tracked objects:
		On entry : 
		On exit  : 
		Unchanged: 
 Data sizes:     COMRAM   BANK0   BANK1   BANK2   BANK3   BANK4   BANK5   BANK6   BANK7   BANK8   BANK9  BANK10  BANK11  BANK12  BANK13  BANK14
      Params:         8       0       0       0       0       0       0       0       0       0       0       0       0       0       0       0
      Locals:         6       0       0       0       0       0       0       0       0       0       0       0       0       0       0       0
      Temps:          0       0       0       0       0       0       0       0       0       0       0       0       0       0       0       0
      Totals:        14       0       0       0       0       0       0       0       0       0       0       0       0       0       0       0
Total ram usage:       14 bytes
 Hardware stack levels used:    1
 Hardware stack levels required when called:    3
 This function calls:
		Nothing
 This function is called by:
		_UART_Init
 This function uses a non-reentrant model


 *************** function _InitApp *****************
 Defined at:
		line 29 in file "user.c"
 Parameters:    Size  Location     Type
		None
 Auto vars:     Size  Location     Type
		None
 Return value:  Size  Location     Type
                  1    wreg      void 
 Registers used:
		wreg, status,2
 Tracked objects:
		On entry : 
		On exit  : 
		Unchanged: 
 Data sizes:     COMRAM   BANK0   BANK1   BANK2   BANK3   BANK4   BANK5   BANK6   BANK7   BANK8   BANK9  BANK10  BANK11  BANK12  BANK13  BANK14
      Params:         0       0       0       0       0       0       0       0       0       0       0       0       0       0       0       0
      Locals:         0       0       0       0       0       0       0       0       0       0       0       0       0       0       0       0
      Temps:          0       0       0       0       0       0       0       0       0       0       0       0       0       0       0       0
      Totals:         0       0       0       0       0       0       0       0       0       0       0       0       0       0       0       0
Total ram usage:        0 bytes
 Hardware stack levels used:    1
 Hardware stack levels required when called:    3
 This function calls:
		Nothing
 This function is called by:
		_main
 This function uses a non-reentrant model


 *************** function _ConfigureOscillator *****************
 Defined at:
		line 24 in file "system.c"
 Parameters:    Size  Location     Type
		None
 Auto vars:     Size  Location     Type
		None
 Return value:  Size  Location     Type
                  1    wreg      void 
 Registers used:
		wreg, status,2
 Tracked objects:
		On entry : 
		On exit  : 
		Unchanged: 
 Data sizes:     COMRAM   BANK0   BANK1   BANK2   BANK3   BANK4   BANK5   BANK6   BANK7   BANK8   BANK9  BANK10  BANK11  BANK12  BANK13  BANK14
      Params:         0       0       0       0       0       0       0       0       0       0       0       0       0       0       0       0
      Locals:         0       0       0       0       0       0       0       0       0       0       0       0       0       0       0       0
      Temps:          0       0       0       0       0       0       0       0       0       0       0       0       0       0       0       0
      Totals:         0       0       0       0       0       0       0       0       0       0       0       0       0       0       0       0
Total ram usage:        0 bytes
 Hardware stack levels used:    1
 Hardware stack levels required when called:    3
 This function calls:
		Nothing
 This function is called by:
		_main
 This function uses a non-reentrant model


 *************** function _low_isr *****************
 Defined at:
		line 65 in file "interrupts.c"
 Parameters:    Size  Location     Type
		None
 Auto vars:     Size  Location     Type
		None
 Return value:  Size  Location     Type
                  1    wreg      void 
 Registers used:
		None
 Tracked objects:
		On entry : 
		On exit  : 
		Unchanged: 
 Data sizes:     COMRAM   BANK0   BANK1   BANK2   BANK3   BANK4   BANK5   BANK6   BANK7   BANK8   BANK9  BANK10  BANK11  BANK12  BANK13  BANK14
      Params:         0       0       0       0       0       0       0       0       0       0       0       0       0       0       0       0
      Locals:         0       0       0       0       0       0       0       0       0       0       0       0       0       0       0       0
      Temps:         17       0       0       0       0       0       0       0       0       0       0       0       0       0       0       0
      Totals:        17       0       0       0       0       0       0       0       0       0       0       0       0       0       0       0
Total ram usage:       17 bytes
 Hardware stack levels used:    1
 Hardware stack levels required when called:    2
 This function calls:
		Nothing
 This function is called by:
		Interrupt level 1
 This function uses a non-reentrant model


 *************** function _high_isr *****************
 Defined at:
		line 31 in file "interrupts.c"
 Parameters:    Size  Location     Type
		None
 Auto vars:     Size  Location     Type
		None
 Return value:  Size  Location     Type
                  1    wreg      void 
 Registers used:
		wreg, fsr2l, fsr2h, status,2, status,0, cstack
 Tracked objects:
		On entry : 
		On exit  : 
		Unchanged: 
 Data sizes:     COMRAM   BANK0   BANK1   BANK2   BANK3   BANK4   BANK5   BANK6   BANK7   BANK8   BANK9  BANK10  BANK11  BANK12  BANK13  BANK14
      Params:         0       0       0       0       0       0       0       0       0       0       0       0       0       0       0       0
      Locals:         0       0       0       0       0       0       0       0       0       0       0       0       0       0       0       0
      Temps:         15       0       0       0       0       0       0       0       0       0       0       0       0       0       0       0
      Totals:        15       0       0       0       0       0       0       0       0       0       0       0       0       0       0       0
Total ram usage:       15 bytes
 Hardware stack levels used:    1
 Hardware stack levels required when called:    1
 This function calls:
		_appendChar
 This function is called by:
		Interrupt level 2
 This function uses a non-reentrant model


 *************** function _appendChar *****************
 Defined at:
		line 125 in file "uart.c"
 Parameters:    Size  Location     Type
  data            1    wreg     unsigned char 
 Auto vars:     Size  Location     Type
  data            1    0[COMRAM] unsigned char 
 Return value:  Size  Location     Type
                  1    wreg      void 
 Registers used:
		wreg, fsr2l, fsr2h, status,2, status,0
 Tracked objects:
		On entry : 
		On exit  : 
		Unchanged: 
 Data sizes:     COMRAM   BANK0   BANK1   BANK2   BANK3   BANK4   BANK5   BANK6   BANK7   BANK8   BANK9  BANK10  BANK11  BANK12  BANK13  BANK14
      Params:         0       0       0       0       0       0       0       0       0       0       0       0       0       0       0       0
      Locals:         1       0       0       0       0       0       0       0       0       0       0       0       0       0       0       0
      Temps:          0       0       0       0       0       0       0       0       0       0       0       0       0       0       0       0
      Totals:         1       0       0       0       0       0       0       0       0       0       0       0       0       0       0       0
Total ram usage:        1 bytes
 Hardware stack levels used:    1
 This function calls:
		Nothing
 This function is called by:
		_high_isr
 This function uses a non-reentrant model



MODULE INFORMATION

Module		Function		Class		Link	Load	Size
C:\Program Files (x86)\Microchip\xc8\v1.41\sources\common\aldiv.c
		___aldiv       		CODE           	0F04	0000	205

C:\Program Files (x86)\Microchip\xc8\v1.41\sources\common\aldiv.c estimated size: 205

uart.c
		_writeString   		CODE           	1298	0000	63
		_UART_Init     		CODE           	1074	0000	155
		_writeResult   		CODE           	133A	0000	33
		_appendChar    		CODE           	1394	0000	25
		_UART_Write    		CODE           	1378	0000	29
		_copyTmpBuffer 		CODE           	1258	0000	65
		_clearBuffer   		CODE           	1212	0000	71
		_isItLongEnough		CODE           	13AC	0000	19

uart.c estimated size: 460

interrupts.c
		_high_isr      		CODE           	0008	0000	171
		_low_isr       		CODE           	0018	0000	143

interrupts.c estimated size: 314

C:\Program Files (x86)\Microchip\xc8\v1.41\sources\common\Umul32.c
		___lmul        		CODE           	116C	0000	87

C:\Program Files (x86)\Microchip\xc8\v1.41\sources\common\Umul32.c estimated size: 87

shared
		__initialization		CODE           	1310	0000	25

shared estimated size: 25

C:\Program Files (x86)\Microchip\xc8\v1.41\sources\common\strlen.c
		_strlen        		CODE           	12D6	0000	59

C:\Program Files (x86)\Microchip\xc8\v1.41\sources\common\strlen.c estimated size: 59

user.c
		_InitApp       		CODE           	135A	0000	31

user.c estimated size: 31

main.c
		_main          		CODE           	110E	0000	95

main.c estimated size: 95

system.c
		_ConfigureOscillator		CODE           	13BE	0000	13
		_wait_ms       		CODE           	11C2	0000	81

system.c estimated size: 94

