Microchip MPLAB XC8 Compiler V1.41 ()

Linker command line:

-W-3 --edf=C:\Program Files (x86)\Microchip\xc8\v1.41\dat\en_msgs.txt -cs \
  -h+dist/Default/production\PicClicker.production.sym \
  --cmf=dist/Default/production\PicClicker.production.cmf -z -Q18F47J53 \
  -oC:\Users\tomas\AppData\Local\Temp\savg.2 \
  -Mdist/Default/production/PicClicker.production.map -E1 -ver=XC8 \
  -ASTACK=0146h-0eafh -pstack=STACK -ACODE=00h-01FFF7h -ACONST=00h-01FFF7h \
  -ASMALLCONST=0F00h-0FFFhx496,01FF00h-01FFF7h \
  -AMEDIUMCONST=0F00h-0FFFFh,010F00h-01FFF7h -ACOMRAM=01h-05Fh \
  -AABS1=00h-0EAFh -ABIGRAM=01h-0EAFh \
  -ARAM=060h-0FFh,0100h-01FFhx13,0E00h-0EAFh -ABANK0=060h-0FFh \
  -ABANK1=0100h-01FFh -ABANK2=0200h-02FFh -ABANK3=0300h-03FFh \
  -ABANK4=0400h-04FFh -ABANK5=0500h-05FFh -ABANK6=0600h-06FFh \
  -ABANK7=0700h-07FFh -ABANK8=0800h-08FFh -ABANK9=0900h-09FFh \
  -ABANK10=0A00h-0AFFh -ABANK11=0B00h-0BFFh -ABANK12=0C00h-0CFFh \
  -ABANK13=0D00h-0DFFh -ABANK14=0E00h-0EAFh \
  -ASFR=0EB0h-0EFFh,0F00h-0F5Fh,0F60h-0FFFh \
  -preset_vec=00h,intcode=08h,intcodelo=018h,powerup,init -pramtop=0F00h \
  -psmallconst=SMALLCONST -pmediumconst=MEDIUMCONST -pconst=CONST \
  -AFARRAM=00h-00h -ACONFIG=01FFF8h-01FFFFh -pconfig=CONFIG \
  -pjflash_buffer=01F800h \
  -prdata=COMRAM,nvrram=COMRAM,nvbit=COMRAM,rbss=COMRAM,rbit=COMRAM \
  -pfarbss=FARRAM,fardata=FARRAM,nvFARRAM=FARRAM \
  -pintsave_regs=BIGRAM,bigbss=BIGRAM,bigdata=BIGRAM -pbss=RAM \
  -pidata=CODE,irdata=CODE,ibigdata=CODE,ifardata=CODE -prparam=COMRAM \
  C:\Users\tomas\AppData\Local\Temp\savg.obj \
  dist/Default/production\PicClicker.production.obj 

Object code version is 3.11

Machine type is 18F47J53

Call graph: (short form)




                Name                               Link     Load   Length Selector   Space Scale
C:\Users\tomas\AppData\Local\Temp\savg.obj
                init                                 A6       A6        4        C       0
                reset_vec                             0        0        4        0       0
                config                            1FFF8    1FFF8        8    1FFF8       0
dist/Default/production\PicClicker.production.obj
                intcodelo                            18       18       8E        C       0
                intcode                               8        8        6        4       0
                temp                                 3E       3E        1        1       1
                smallconst                          F00      F00        C      780       0
                text23                             1828     1828       18      786       0
                intcode_body                       1332     1332       9A      786       0
                text20                             1852     1852        C      C29       0
                text19                             17D6     17D6       1E      786       0
                text18                             175E     175E       32      786       0
                text17                             15B2     15B2       54      786       0
                text16                             169E     169E       46      786       0
                text15                             16E4     16E4       40      786       0
                text14                             1810     1810       18      786       0
                text13                             1724     1724       3A      786       0
                text12                             13CC     13CC       84      786       0
                text11                             1654     1654       4A      786       0
                text10                             11D4     11D4       B8      786       0
                text9                              14AE     14AE       58      786       0
                text8                              1790     1790       26      786       0
                text7                              10BC     10BC      118      786       0
                text6                               F0C      F0C      1B0      786       0
                text5                              155C     155C       56      786       0
                text4                              1506     1506       56      786       0
                text3                              17F4     17F4       1C      786       0
                text2                              1450     1450       5E      786       0
                text1                              17B6     17B6       20      786       0
                text0                              128C     128C       A6      786       0
                cstackCOMRAM                          1        1       33        1       1
                cstackBANK0                          C5       C5       14       60       1
                bssBANK1                            100      100       46      100       1
                dataBANK0                            D9       D9       11       60       1
                bssBANK0                             60       60       65       60       1
                bssCOMRAM                            34       34        A        1       1
                cinit                              1606     1606       4E      786       0
                idataBANK0                         1840     1840       11      786       0

TOTAL           Name                               Link     Load   Length     Space
        CLASS   STACK          

        CLASS   CODE           
                intcodelo                            18       18       8E         0
                intcode                               8        8        6         0
                init                                 A6       A6        4         0
                reset_vec                             0        0        4         0
                text23                             1828     1828       18         0
                intcode_body                       1332     1332       9A         0
                text20                             1852     1852        C         0
                text19                             17D6     17D6       1E         0
                text18                             175E     175E       32         0
                text17                             15B2     15B2       54         0
                text16                             169E     169E       46         0
                text15                             16E4     16E4       40         0
                text14                             1810     1810       18         0
                text13                             1724     1724       3A         0
                text12                             13CC     13CC       84         0
                text11                             1654     1654       4A         0
                text10                             11D4     11D4       B8         0
                text9                              14AE     14AE       58         0
                text8                              1790     1790       26         0
                text7                              10BC     10BC      118         0
                text6                               F0C      F0C      1B0         0
                text5                              155C     155C       56         0
                text4                              1506     1506       56         0
                text3                              17F4     17F4       1C         0
                text2                              1450     1450       5E         0
                text1                              17B6     17B6       20         0
                text0                              128C     128C       A6         0
                cinit                              1606     1606       4E         0
                idataBANK0                         1840     1840       11         0

        CLASS   CONST          

        CLASS   SMALLCONST     
                smallconst                          F00      F00        C         0

        CLASS   MEDIUMCONST    

        CLASS   COMRAM         
                temp                                 3E       3E        1         1
                cstackCOMRAM                          1        1       33         1
                bssCOMRAM                            34       34        A         1

        CLASS   ABS1           

        CLASS   BIGRAM         

        CLASS   RAM            

        CLASS   BANK0          
                cstackBANK0                          C5       C5       14         1
                dataBANK0                            D9       D9       11         1
                bssBANK0                             60       60       65         1

        CLASS   BANK1          
                bssBANK1                            100      100       46         1

        CLASS   BANK2          

        CLASS   BANK3          

        CLASS   BANK4          

        CLASS   BANK5          

        CLASS   BANK6          

        CLASS   BANK7          

        CLASS   BANK8          

        CLASS   BANK9          

        CLASS   BANK10         

        CLASS   BANK11         

        CLASS   BANK12         

        CLASS   BANK13         

        CLASS   BANK14         

        CLASS   SFR            

        CLASS   FARRAM         

        CLASS   CONFIG         
                config                            1FFF8    1FFF8        8         0

        CLASS   IDLOC          



SEGMENTS        Name                           Load    Length   Top    Selector   Space  Class

                reset_vec                      000000  000004  000004         0       0  CODE    
                cstackCOMRAM                   000001  00003E  00003F         1       1  COMRAM  
                intcode                        000008  000006  00000E         4       0  CODE    
                intcodelo                      000018  000092  0000AA         C       0  CODE    
                bssBANK0                       000060  00008A  0000EA        60       1  BANK0   
                bssBANK1                       000100  000046  000146       100       1  BANK1   
                smallconst                     000F00  00000C  000F0C       780       0  SMALLCON
                text6                          000F0C  000945  001851       786       0  CODE    
                text20                         001852  00000C  00185E       C29       0  CODE    
                config                         01FFF8  000008  020000     1FFF8       0  CONFIG  


UNUSED ADDRESS RANGES

        Name                Unused          Largest block    Delta
        BANK0            000EA-000FF              16
        BANK1            00146-001FF              BA
        BANK10           00A00-00AFF             100
        BANK11           00B00-00BFF             100
        BANK12           00C00-00CFF             100
        BANK13           00D00-00DFF             100
        BANK14           00E00-00EAF              B0
        BANK2            00200-002FF             100
        BANK3            00300-003FF             100
        BANK4            00400-004FF             100
        BANK5            00500-005FF             100
        BANK6            00600-006FF             100
        BANK7            00700-007FF             100
        BANK8            00800-008FF             100
        BANK9            00900-009FF             100
        BIGRAM           0003F-0005F              21
                         000EA-000FF              16
                         00146-00EAF             D6A
        CODE             00004-00007               4
                         0000E-00017               A
                         000AA-00EFF             E56
                         01851-01851               1
                         0185E-1FFF7           1E79A
        COMRAM           0003F-0005F              21
        CONST            00004-00007               4
                         0000E-00017               A
                         000AA-00EFF             E56
                         01851-01851               1
                         0185E-1FFF7           1E79A
        MEDIUMCONST      01851-01851               1
                         0185E-0FFFF            E7A2
                         10F00-1FFF7            F0F8
        RAM              000EA-000FF              16
                         00146-00EAF             100
        SFR              00EB0-00FFF              60
        SMALLCONST       01851-01851               1
                         0185E-1FFF7             100
        STACK            00146-00EAF             D6A

                                  Symbol Table

?___awdiv                           cstackCOMRAM  00022
?___lmul                            cstackCOMRAM  00022
?___wmul                            cstackCOMRAM  00022
?_checkPos                          cstackCOMRAM  00028
?_lenHelper                         cstackCOMRAM  00022
?_strlen                            cstackCOMRAM  00022
?_transformToTwoDigitNumber         cstackCOMRAM  00028
UART_Init@baudrate                  cstackCOMRAM  00022
UART_Write@data                     cstackCOMRAM  00023
UART_Write@dev                      cstackCOMRAM  00022
_BAUDCON1bits                       (abs)         00F7E
_BAUDCON2bits                       (abs)         00F7C
_ConfigureOscillator                text20        01852
_INTCON                             (abs)         00FF2
_InitApp                            text19        017D6
_LATAbits                           (abs)         00F89
_OSCCONbits                         (abs)         00FD3
_OSCTUNEbits                        (abs)         00F9B
_PORTDbits                          (abs)         00F83
_PPSCON                             (abs)         00EBF
_RC1IE                              (abs)         07CED
_RC1IF                              (abs)         07CF5
_RC2IE                              (abs)         07D1D
_RC2IF                              (abs)         07D25
_RCIF                               (abs)         07CF5
_RCREG1                             (abs)         00FAF
_RCREG2                             (abs)         00FAA
_RCSTA1                             (abs)         00FAC
_RCSTA2                             (abs)         00F9C
_RPINR16                            (abs)         00EF7
_RPOR8                              (abs)         00EC8
_SOC                                bssBANK0      000BF
_SPBRG1                             (abs)         00FB0
_SPBRG2                             (abs)         00FAB
_SPBRGH1                            (abs)         00F7F
_SPBRGH2                            (abs)         00F7D
_TRISAbits                          (abs)         00F92
_TRISB4                             (abs)         07C9C
_TRISB5                             (abs)         07C9D
_TRISC6                             (abs)         07CA6
_TRISC7                             (abs)         07CA7
_TRISDbits                          (abs)         00F95
_TXREG1                             (abs)         00FAE
_TXREG2                             (abs)         00FA9
_TXSTA1                             (abs)         00FAD
_TXSTA1bits                         (abs)         00FAD
_TXSTA2                             (abs)         00FA8
_TXSTA2bits                         (abs)         00FA8
_UART_Init                          text18        0175E
_UART_Write                         text3         017F4
__CFG_ADCSEL$BIT10                  (abs)         00000
__CFG_CFGPLLEN$OFF                  (abs)         00000
__CFG_CLKOEC$ON                     (abs)         00000
__CFG_CP0$OFF                       (abs)         00000
__CFG_CPUDIV$OSC1                   (abs)         00000
__CFG_DSBOREN$ON                    (abs)         00000
__CFG_DSWDTEN$ON                    (abs)         00000
__CFG_DSWDTOSC$INTOSCREF            (abs)         00000
__CFG_DSWDTPS$G2                    (abs)         00000
__CFG_FCMEN$ON                      (abs)         00000
__CFG_IESO$ON                       (abs)         00000
__CFG_IOL1WAY$ON                    (abs)         00000
__CFG_LS48MHZ$SYS48X8               (abs)         00000
__CFG_MSSP7B_EN$MSK7                (abs)         00000
__CFG_OSC$INTOSC                    (abs)         00000
__CFG_PLLDIV$1                      (abs)         00000
__CFG_RTCOSC$T1OSCREF               (abs)         00000
__CFG_SOSCSEL$HIGH                  (abs)         00000
__CFG_STVREN$ON                     (abs)         00000
__CFG_WDTEN$OFF                     (abs)         00000
__CFG_WDTPS$32768                   (abs)         00000
__CFG_WPCFG$OFF                     (abs)         00000
__CFG_WPDIS$OFF                     (abs)         00000
__CFG_WPEND$PAGE_WPFP               (abs)         00000
__CFG_WPFP$PAGE_127                 (abs)         00000
__CFG_XINST$OFF                     (abs)         00000
__HRAM                              (abs)         00000
__Habs1                             abs1          00000
__Hbank0                            bank0         00000
__Hbank1                            bank1         00000
__Hbank10                           bank10        00000
__Hbank11                           bank11        00000
__Hbank12                           bank12        00000
__Hbank13                           bank13        00000
__Hbank14                           bank14        00000
__Hbank2                            bank2         00000
__Hbank3                            bank3         00000
__Hbank4                            bank4         00000
__Hbank5                            bank5         00000
__Hbank6                            bank6         00000
__Hbank7                            bank7         00000
__Hbank8                            bank8         00000
__Hbank9                            bank9         00000
__Hbigbss                           bigbss        00000
__Hbigdata                          bigdata       00000
__Hbigram                           bigram        00000
__Hbss                              bss           00000
__HbssBANK0                         bssBANK0      00000
__HbssBANK1                         bssBANK1      00000
__HbssCOMRAM                        bssCOMRAM     00000
__Hcinit                            cinit         00000
__Hclrtext                          clrtext       00000
__Hcomram                           comram        00000
__Hconfig                           config        20000
__Hconst                            const         00000
__HcstackBANK0                      cstackBANK0   00000
__HcstackCOMRAM                     cstackCOMRAM  00000
__Hdata                             data          00000
__HdataBANK0                        dataBANK0     00000
__Hfarbss                           farbss        00000
__Hfardata                          fardata       00000
__Hibigdata                         ibigdata      00000
__Hidata                            idata         00000
__HidataBANK0                       idataBANK0    00000
__Hidloc                            idloc         00000
__Hifardata                         ifardata      00000
__Hinit                             init          000AA
__Hintcode                          intcode       0000E
__Hintcode_body                     intcode_body  00000
__Hintcodelo                        intcodelo     000A6
__Hintentry                         intentry      00000
__Hintret                           intret        00000
__Hintsave_regs                     intsave_regs  00000
__Hirdata                           irdata        00000
__Hjflash_buffer                    jflash_buffer 1F800
__Hmediumconst                      mediumconst   00000
__HnvFARRAM                         nvFARRAM      00000
__Hnvbit                            nvbit         00000
__Hnvrram                           nvrram        00000
__Hparam                            rparam        00000
__Hpowerup                          powerup       000A6
__Hram                              ram           00000
__Hramtop                           ramtop        00F00
__Hrbit                             rbit          00000
__Hrbss                             rbss          00000
__Hrdata                            rdata         00000
__Hreset_vec                        reset_vec     00004
__Hrparam                           rparam        00000
__Hsfr                              sfr           00000
__Hsmallconst                       smallconst    00F0C
__Hspace_0                          (abs)         20000
__Hspace_1                          (abs)         00146
__Hspace_2                          (abs)         00000
__Hstack                            stack         00000
__Hstruct                           struct        00000
__Htemp                             temp          0003F
__Htext                             text          00000
__Htext0                            text0         00000
__Htext1                            text1         00000
__Htext10                           text10        00000
__Htext11                           text11        00000
__Htext12                           text12        00000
__Htext13                           text13        00000
__Htext14                           text14        00000
__Htext15                           text15        00000
__Htext16                           text16        00000
__Htext17                           text17        00000
__Htext18                           text18        00000
__Htext19                           text19        00000
__Htext2                            text2         00000
__Htext20                           text20        00000
__Htext23                           text23        00000
__Htext3                            text3         00000
__Htext4                            text4         00000
__Htext5                            text5         00000
__Htext6                            text6         00000
__Htext7                            text7         00000
__Htext8                            text8         00000
__Htext9                            text9         00000
__LRAM                              (abs)         00001
__Labs1                             abs1          00000
__Lbank0                            bank0         00000
__Lbank1                            bank1         00000
__Lbank10                           bank10        00000
__Lbank11                           bank11        00000
__Lbank12                           bank12        00000
__Lbank13                           bank13        00000
__Lbank14                           bank14        00000
__Lbank2                            bank2         00000
__Lbank3                            bank3         00000
__Lbank4                            bank4         00000
__Lbank5                            bank5         00000
__Lbank6                            bank6         00000
__Lbank7                            bank7         00000
__Lbank8                            bank8         00000
__Lbank9                            bank9         00000
__Lbigbss                           bigbss        00000
__Lbigdata                          bigdata       00000
__Lbigram                           bigram        00000
__Lbss                              bss           00000
__LbssBANK0                         bssBANK0      00000
__LbssBANK1                         bssBANK1      00000
__LbssCOMRAM                        bssCOMRAM     00000
__Lcinit                            cinit         00000
__Lclrtext                          clrtext       00000
__Lcomram                           comram        00000
__Lconfig                           config        1FFF8
__Lconst                            const         00000
__LcstackBANK0                      cstackBANK0   00000
__LcstackCOMRAM                     cstackCOMRAM  00000
__Ldata                             data          00000
__LdataBANK0                        dataBANK0     00000
__Lfarbss                           farbss        00000
__Lfardata                          fardata       00000
__Libigdata                         ibigdata      00000
__Lidata                            idata         00000
__LidataBANK0                       idataBANK0    00000
__Lidloc                            idloc         00000
__Lifardata                         ifardata      00000
__Linit                             init          000A6
__Lintcode                          intcode       00008
__Lintcode_body                     intcode_body  00000
__Lintcodelo                        intcodelo     00018
__Lintentry                         intentry      00000
__Lintret                           intret        00000
__Lintsave_regs                     intsave_regs  00000
__Lirdata                           irdata        00000
__Ljflash_buffer                    jflash_buffer 1F800
__Lmediumconst                      mediumconst   00000
__LnvFARRAM                         nvFARRAM      00000
__Lnvbit                            nvbit         00000
__Lnvrram                           nvrram        00000
__Lparam                            rparam        00000
__Lpowerup                          powerup       000A6
__Lram                              ram           00000
__Lramtop                           ramtop        00F00
__Lrbit                             rbit          00000
__Lrbss                             rbss          00000
__Lrdata                            rdata         00000
__Lreset_vec                        reset_vec     00000
__Lrparam                           rparam        00000
__Lsfr                              sfr           00000
__Lsmallconst                       smallconst    00F00
__Lspace_0                          (abs)         00000
__Lspace_1                          (abs)         00000
__Lspace_2                          (abs)         00000
__Lstack                            stack         00000
__Lstruct                           struct        00000
__Ltemp                             temp          0003E
__Ltext                             text          00000
__Ltext0                            text0         00000
__Ltext1                            text1         00000
__Ltext10                           text10        00000
__Ltext11                           text11        00000
__Ltext12                           text12        00000
__Ltext13                           text13        00000
__Ltext14                           text14        00000
__Ltext15                           text15        00000
__Ltext16                           text16        00000
__Ltext17                           text17        00000
__Ltext18                           text18        00000
__Ltext19                           text19        00000
__Ltext2                            text2         00000
__Ltext20                           text20        00000
__Ltext23                           text23        00000
__Ltext3                            text3         00000
__Ltext4                            text4         00000
__Ltext5                            text5         00000
__Ltext6                            text6         00000
__Ltext7                            text7         00000
__Ltext8                            text8         00000
__Ltext9                            text9         00000
__S0                                (abs)         20000
__S1                                (abs)         00146
__S2                                (abs)         00000
___awdiv                            text12        013CC
___awdiv@counter                    cstackCOMRAM  00026
___awdiv@dividend                   cstackCOMRAM  00022
___awdiv@divisor                    cstackCOMRAM  00024
___awdiv@quotient                   cstackCOMRAM  00028
___awdiv@sign                       cstackCOMRAM  00027
___inthi_sp                         stack         00000
___intlo_sp                         stack         00000
___lmul                             text5         0155C
___lmul@multiplicand                cstackCOMRAM  00026
___lmul@multiplier                  cstackCOMRAM  00022
___lmul@product                     cstackCOMRAM  0002A
___param_bank                       (abs)         00000
___rparam_used                      (abs)         00001
___sp                               stack         00000
___wmul                             text8         01790
___wmul@multiplicand                cstackCOMRAM  00024
___wmul@multiplier                  cstackCOMRAM  00022
___wmul@product                     cstackCOMRAM  00026
__accesstop                         (abs)         00060
__activetblptr                      (abs)         00003
__end_of_ConfigureOscillator        text20        0185E
__end_of_InitApp                    text19        017F4
__end_of_UART_Init                  text18        01790
__end_of_UART_Write                 text3         01810
__end_of___awdiv                    text12        01450
__end_of___lmul                     text5         015B2
__end_of___wmul                     text8         017B6
__end_of__initialization            cinit         0164A
__end_of_appendChar                 text23        01840
__end_of_checkPos                   text11        0169E
__end_of_checkString                text10        0128C
__end_of_clearBuffer                text16        016E4
__end_of_copyTmpBuffer              text15        01724
__end_of_high_isr                   intcode_body  013CC
__end_of_isItLongEnough             text14        01828
__end_of_isValid                    text13        0175E
__end_of_lenHelper                  text9         01506
__end_of_low_isr                    intcodelo     000A6
__end_of_main                       text0         01332
__end_of_parseString                text6         010BC
__end_of_strlen                     text17        01606
__end_of_transformToTwoDigitNumber  text7         011D4
__end_of_wait_ms                    text4         0155C
__end_of_writeResult                text1         017D6
__end_of_writeString                text2         014AE
__initialization                    cinit         01606
__mediumconst                       mediumconst   00000
__pbssBANK0                         bssBANK0      00060
__pbssBANK1                         bssBANK1      00100
__pbssCOMRAM                        bssCOMRAM     00034
__pcinit                            cinit         01606
__pcstackBANK0                      cstackBANK0   000C5
__pcstackCOMRAM                     cstackCOMRAM  00001
__pdataBANK0                        dataBANK0     000D9
__pidataBANK0                       idataBANK0    01840
__pintcode                          intcode       00008
__pintcode_body                     intcode_body  01332
__pintcodelo                        intcodelo     00018
__psmallconst                       smallconst    00F00
__ptext0                            text0         0128C
__ptext1                            text1         017B6
__ptext10                           text10        011D4
__ptext11                           text11        01654
__ptext12                           text12        013CC
__ptext13                           text13        01724
__ptext14                           text14        01810
__ptext15                           text15        016E4
__ptext16                           text16        0169E
__ptext17                           text17        015B2
__ptext18                           text18        0175E
__ptext19                           text19        017D6
__ptext2                            text2         01450
__ptext20                           text20        01852
__ptext23                           text23        01828
__ptext3                            text3         017F4
__ptext4                            text4         01506
__ptext5                            text5         0155C
__ptext6                            text6         00F0C
__ptext7                            text7         010BC
__ptext8                            text8         01790
__ptext9                            text9         014AE
__ramtop                            ramtop        00F00
__size_of_ConfigureOscillator       (abs)         00000
__size_of_InitApp                   (abs)         00000
__size_of_UART_Init                 (abs)         00000
__size_of_UART_Write                (abs)         00000
__size_of___awdiv                   (abs)         00000
__size_of___lmul                    (abs)         00000
__size_of___wmul                    (abs)         00000
__size_of_appendChar                (abs)         00000
__size_of_checkPos                  (abs)         00000
__size_of_checkString               (abs)         00000
__size_of_clearBuffer               (abs)         00000
__size_of_copyTmpBuffer             (abs)         00000
__size_of_high_isr                  (abs)         00000
__size_of_isItLongEnough            (abs)         00000
__size_of_isValid                   (abs)         00000
__size_of_lenHelper                 (abs)         00000
__size_of_low_isr                   (abs)         00000
__size_of_main                      (abs)         00000
__size_of_parseString               (abs)         00000
__size_of_strlen                    (abs)         00000
__size_of_transformToTwoDigitNumber (abs)         00000
__size_of_wait_ms                   (abs)         00000
__size_of_writeResult               (abs)         00000
__size_of_writeString               (abs)         00000
__smallconst                        smallconst    00F00
_allDataString                      bssBANK1      00100
_appendChar                         text23        01828
_charSOC                            bssBANK0      00076
_checkPos                           text11        01654
_checkString                        text10        011D4
_clearBuffer                        text16        0169E
_copyTmpBuffer                      text15        016E4
_high_isr                           intcode       00008
_index                              bssCOMRAM     00038
_isItLongEnough                     text14        01810
_isValid                            text13        01724
_lenHelper                          text9         014AE
_low_isr                            intcodelo     00018
_main                               text0         0128C
_parseString                        text6         00F0C
_parsedString                       dataBANK0     000D9
_positions                          bssBANK0      00060
_strlen                             text17        015B2
_tmpString                          bssBANK0      00079
_toCharArray                        bssCOMRAM     0003A
_transformToTwoDigitNumber          text7         010BC
_wait_ms                            text4         01506
_writeResult                        text1         017B6
_writeString                        text2         01450
appendChar@data                     cstackCOMRAM  00001
btemp                               temp          0003E
checkPos@i                          cstackCOMRAM  0002B
checkPos@pos                        cstackCOMRAM  00028
checkString@i                       cstackCOMRAM  00031
clearBuffer@i                       cstackCOMRAM  00028
copyTmpBuffer@i                     cstackCOMRAM  00023
end_of_initialization               cinit         0164A
int$flags                           temp          0003E
int_func                            intcode_body  01332
intlevel0                           text          00000
intlevel1                           text          00000
intlevel2                           text          00000
intlevel3                           text          00000
lenHelper@x                         cstackCOMRAM  00022
main@var                            cstackCOMRAM  00033
parseString@CHG                     cstackBANK0   000CE
parseString@chgStart                cstackBANK0   000CC
parseString@chgStop                 cstackBANK0   000C7
parseString@i                       cstackBANK0   000D7
parseString@k                       cstackBANK0   000D3
parseString@socEndPos               cstackBANK0   000D1
parseString@socSize                 cstackBANK0   000CA
parseString@socStartPos             cstackBANK0   000CF
parseString@tmp                     cstackBANK0   000D5
parseString@tmpSOC                  cstackBANK0   000C9
stackhi                             (abs)         00EAF
stacklo                             (abs)         00146
start                               init          000A6
start_initialization                cinit         01606
strlen@cp                           cstackCOMRAM  00026
strlen@s                            cstackCOMRAM  00022
transformToTwoDigitNumber@number    cstackCOMRAM  00028
transformToTwoDigitNumber@result    cstackCOMRAM  0002E
transformToTwoDigitNumber@size      cstackCOMRAM  0002A
wait_ms@time                        cstackCOMRAM  0002E
wait_ms@timel                       bssCOMRAM     00034
writeResult@dev                     cstackCOMRAM  00030
writeString@dev                     cstackCOMRAM  0002A
writeString@i                       cstackCOMRAM  0002D
writeString@str                     cstackCOMRAM  00028


FUNCTION INFORMATION:

 *************** function _main *****************
 Defined at:
		line 39 in file "main.c"
 Parameters:    Size  Location     Type
		None
 Auto vars:     Size  Location     Type
  var             1   50[COMRAM] unsigned char 
  result          1    0        unsigned char 
 Return value:  Size  Location     Type
                  1    wreg      void 
 Registers used:
		wreg, fsr0l, fsr0h, fsr1l, fsr1h, fsr2l, fsr2h, status,2, status,0, tblptrl, tblptrh, tblptru, prodl, prodh, cstack
 Tracked objects:
		On entry : 
		On exit  : 
		Unchanged: 
 Data sizes:     COMRAM   BANK0   BANK1   BANK2   BANK3   BANK4   BANK5   BANK6   BANK7   BANK8   BANK9  BANK10  BANK11  BANK12  BANK13  BANK14
      Params:         0       0       0       0       0       0       0       0       0       0       0       0       0       0       0       0
      Locals:         1       0       0       0       0       0       0       0       0       0       0       0       0       0       0       0
      Temps:          0       0       0       0       0       0       0       0       0       0       0       0       0       0       0       0
      Totals:         1       0       0       0       0       0       0       0       0       0       0       0       0       0       0       0
Total ram usage:        1 bytes
 Hardware stack levels required when called:    7
 This function calls:
		_ConfigureOscillator
		_InitApp
		_UART_Init
		_UART_Write
		_clearBuffer
		_copyTmpBuffer
		_isItLongEnough
		_isValid
		_parseString
		_wait_ms
		_writeResult
		_writeString
 This function is called by:
		Startup code after reset
 This function uses a non-reentrant model


 *************** function _writeResult *****************
 Defined at:
		line 63 in file "bufferhandler.c"
 Parameters:    Size  Location     Type
  dev             1    wreg     unsigned char 
 Auto vars:     Size  Location     Type
  dev             1   47[COMRAM] unsigned char 
 Return value:  Size  Location     Type
                  1    wreg      void 
 Registers used:
		wreg, fsr0l, fsr0h, status,2, status,0, tblptrl, tblptrh, tblptru, cstack
 Tracked objects:
		On entry : 
		On exit  : 
		Unchanged: 
 Data sizes:     COMRAM   BANK0   BANK1   BANK2   BANK3   BANK4   BANK5   BANK6   BANK7   BANK8   BANK9  BANK10  BANK11  BANK12  BANK13  BANK14
      Params:         0       0       0       0       0       0       0       0       0       0       0       0       0       0       0       0
      Locals:         1       0       0       0       0       0       0       0       0       0       0       0       0       0       0       0
      Temps:          0       0       0       0       0       0       0       0       0       0       0       0       0       0       0       0
      Totals:         1       0       0       0       0       0       0       0       0       0       0       0       0       0       0       0
Total ram usage:        1 bytes
 Hardware stack levels used:    1
 Hardware stack levels required when called:    5
 This function calls:
		_wait_ms
		_writeString
 This function is called by:
		_main
 This function uses a non-reentrant model


 *************** function _writeString *****************
 Defined at:
		line 97 in file "uart.c"
 Parameters:    Size  Location     Type
  str             2   39[COMRAM] PTR unsigned char 
		 -> toCharArray(4), STR_2(4), STR_1(5), 
  dev             1   41[COMRAM] unsigned char 
 Auto vars:     Size  Location     Type
  i               2   44[COMRAM] int 
 Return value:  Size  Location     Type
                  1    wreg      void 
 Registers used:
		wreg, fsr0l, fsr0h, status,2, status,0, tblptrl, tblptrh, tblptru, cstack
 Tracked objects:
		On entry : 
		On exit  : 
		Unchanged: 
 Data sizes:     COMRAM   BANK0   BANK1   BANK2   BANK3   BANK4   BANK5   BANK6   BANK7   BANK8   BANK9  BANK10  BANK11  BANK12  BANK13  BANK14
      Params:         3       0       0       0       0       0       0       0       0       0       0       0       0       0       0       0
      Locals:         2       0       0       0       0       0       0       0       0       0       0       0       0       0       0       0
      Temps:          2       0       0       0       0       0       0       0       0       0       0       0       0       0       0       0
      Totals:         7       0       0       0       0       0       0       0       0       0       0       0       0       0       0       0
Total ram usage:        7 bytes
 Hardware stack levels used:    1
 Hardware stack levels required when called:    4
 This function calls:
		_UART_Write
		_strlen
 This function is called by:
		_main
		_writeResult
 This function uses a non-reentrant model


 *************** function _UART_Write *****************
 Defined at:
		line 61 in file "uart.c"
 Parameters:    Size  Location     Type
  data            1    wreg     unsigned char 
  dev             1   33[COMRAM] unsigned char 
 Auto vars:     Size  Location     Type
  data            1   34[COMRAM] unsigned char 
 Return value:  Size  Location     Type
                  1    wreg      void 
 Registers used:
		wreg, status,2, status,0
 Tracked objects:
		On entry : 
		On exit  : 
		Unchanged: 
 Data sizes:     COMRAM   BANK0   BANK1   BANK2   BANK3   BANK4   BANK5   BANK6   BANK7   BANK8   BANK9  BANK10  BANK11  BANK12  BANK13  BANK14
      Params:         1       0       0       0       0       0       0       0       0       0       0       0       0       0       0       0
      Locals:         1       0       0       0       0       0       0       0       0       0       0       0       0       0       0       0
      Temps:          0       0       0       0       0       0       0       0       0       0       0       0       0       0       0       0
      Totals:         2       0       0       0       0       0       0       0       0       0       0       0       0       0       0       0
Total ram usage:        2 bytes
 Hardware stack levels used:    1
 Hardware stack levels required when called:    3
 This function calls:
		Nothing
 This function is called by:
		_main
		_writeString
 This function uses a non-reentrant model


 *************** function _wait_ms *****************
 Defined at:
		line 35 in file "system.c"
 Parameters:    Size  Location     Type
  time            2   45[COMRAM] int 
 Auto vars:     Size  Location     Type
		None
 Return value:  Size  Location     Type
                  1    wreg      void 
 Registers used:
		wreg, status,2, status,0, cstack
 Tracked objects:
		On entry : 
		On exit  : 
		Unchanged: 
 Data sizes:     COMRAM   BANK0   BANK1   BANK2   BANK3   BANK4   BANK5   BANK6   BANK7   BANK8   BANK9  BANK10  BANK11  BANK12  BANK13  BANK14
      Params:         2       0       0       0       0       0       0       0       0       0       0       0       0       0       0       0
      Locals:         0       0       0       0       0       0       0       0       0       0       0       0       0       0       0       0
      Temps:          0       0       0       0       0       0       0       0       0       0       0       0       0       0       0       0
      Totals:         2       0       0       0       0       0       0       0       0       0       0       0       0       0       0       0
Total ram usage:        2 bytes
 Hardware stack levels used:    1
 Hardware stack levels required when called:    4
 This function calls:
		___lmul
 This function is called by:
		_main
		_writeResult
 This function uses a non-reentrant model


 *************** function ___lmul *****************
 Defined at:
		line 15 in file "C:\Program Files (x86)\Microchip\xc8\v1.41\sources\common\Umul32.c"
 Parameters:    Size  Location     Type
  multiplier      4   33[COMRAM] unsigned long 
  multiplicand    4   37[COMRAM] unsigned long 
 Auto vars:     Size  Location     Type
  product         4   41[COMRAM] unsigned long 
 Return value:  Size  Location     Type
                  4   33[COMRAM] unsigned long 
 Registers used:
		wreg, status,2, status,0
 Tracked objects:
		On entry : 
		On exit  : 
		Unchanged: 
 Data sizes:     COMRAM   BANK0   BANK1   BANK2   BANK3   BANK4   BANK5   BANK6   BANK7   BANK8   BANK9  BANK10  BANK11  BANK12  BANK13  BANK14
      Params:         8       0       0       0       0       0       0       0       0       0       0       0       0       0       0       0
      Locals:         4       0       0       0       0       0       0       0       0       0       0       0       0       0       0       0
      Temps:          0       0       0       0       0       0       0       0       0       0       0       0       0       0       0       0
      Totals:        12       0       0       0       0       0       0       0       0       0       0       0       0       0       0       0
Total ram usage:       12 bytes
 Hardware stack levels used:    1
 Hardware stack levels required when called:    3
 This function calls:
		Nothing
 This function is called by:
		_wait_ms
 This function uses a non-reentrant model


 *************** function _parseString *****************
 Defined at:
		line 98 in file "bufferhandler.c"
 Parameters:    Size  Location     Type
		None
 Auto vars:     Size  Location     Type
  i               2   18[BANK0 ] int 
  tmp             2   16[BANK0 ] int 
  k               2   14[BANK0 ] int 
  socEndPos       2   12[BANK0 ] int 
  socStartPos     2   10[BANK0 ] int 
  chgStart        2    7[BANK0 ] int 
  socSize         2    5[BANK0 ] int 
  chgStop         2    2[BANK0 ] int 
  CHG             1    9[BANK0 ] unsigned char 
  tmpSOC          1    4[BANK0 ] unsigned char 
 Return value:  Size  Location     Type
                  1    wreg      unsigned char 
 Registers used:
		wreg, fsr0l, fsr0h, fsr1l, fsr1h, fsr2l, fsr2h, status,2, status,0, tblptrl, tblptrh, tblptru, prodl, prodh, cstack
 Tracked objects:
		On entry : 
		On exit  : 
		Unchanged: 
 Data sizes:     COMRAM   BANK0   BANK1   BANK2   BANK3   BANK4   BANK5   BANK6   BANK7   BANK8   BANK9  BANK10  BANK11  BANK12  BANK13  BANK14
      Params:         0       0       0       0       0       0       0       0       0       0       0       0       0       0       0       0
      Locals:         0      18       0       0       0       0       0       0       0       0       0       0       0       0       0       0
      Temps:          0       2       0       0       0       0       0       0       0       0       0       0       0       0       0       0
      Totals:         0      20       0       0       0       0       0       0       0       0       0       0       0       0       0       0
Total ram usage:       20 bytes
 Hardware stack levels used:    1
 Hardware stack levels required when called:    6
 This function calls:
		___awdiv
		_checkString
		_lenHelper
		_transformToTwoDigitNumber
 This function is called by:
		_main
 This function uses a non-reentrant model


 *************** function _transformToTwoDigitNumber *****************
 Defined at:
		line 168 in file "bufferhandler.c"
 Parameters:    Size  Location     Type
  number          2   39[COMRAM] PTR int 
		 -> SOC(6), 
  size            2   41[COMRAM] int 
 Auto vars:     Size  Location     Type
  result          2   45[COMRAM] int 
 Return value:  Size  Location     Type
                  2   39[COMRAM] int 
 Registers used:
		wreg, fsr2l, fsr2h, status,2, status,0, prodl, prodh, cstack
 Tracked objects:
		On entry : 
		On exit  : 
		Unchanged: 
 Data sizes:     COMRAM   BANK0   BANK1   BANK2   BANK3   BANK4   BANK5   BANK6   BANK7   BANK8   BANK9  BANK10  BANK11  BANK12  BANK13  BANK14
      Params:         4       0       0       0       0       0       0       0       0       0       0       0       0       0       0       0
      Locals:         2       0       0       0       0       0       0       0       0       0       0       0       0       0       0       0
      Temps:          2       0       0       0       0       0       0       0       0       0       0       0       0       0       0       0
      Totals:         8       0       0       0       0       0       0       0       0       0       0       0       0       0       0       0
Total ram usage:        8 bytes
 Hardware stack levels used:    1
 Hardware stack levels required when called:    4
 This function calls:
		___wmul
 This function is called by:
		_parseString
 This function uses a non-reentrant model


 *************** function ___wmul *****************
 Defined at:
		line 15 in file "C:\Program Files (x86)\Microchip\xc8\v1.41\sources\common\Umul16.c"
 Parameters:    Size  Location     Type
  multiplier      2   33[COMRAM] unsigned int 
  multiplicand    2   35[COMRAM] unsigned int 
 Auto vars:     Size  Location     Type
  product         2   37[COMRAM] unsigned int 
 Return value:  Size  Location     Type
                  2   33[COMRAM] unsigned int 
 Registers used:
		wreg, status,2, status,0, prodl, prodh
 Tracked objects:
		On entry : 
		On exit  : 
		Unchanged: 
 Data sizes:     COMRAM   BANK0   BANK1   BANK2   BANK3   BANK4   BANK5   BANK6   BANK7   BANK8   BANK9  BANK10  BANK11  BANK12  BANK13  BANK14
      Params:         4       0       0       0       0       0       0       0       0       0       0       0       0       0       0       0
      Locals:         2       0       0       0       0       0       0       0       0       0       0       0       0       0       0       0
      Temps:          0       0       0       0       0       0       0       0       0       0       0       0       0       0       0       0
      Totals:         6       0       0       0       0       0       0       0       0       0       0       0       0       0       0       0
Total ram usage:        6 bytes
 Hardware stack levels used:    1
 Hardware stack levels required when called:    3
 This function calls:
		Nothing
 This function is called by:
		_transformToTwoDigitNumber
 This function uses a non-reentrant model


 *************** function _lenHelper *****************
 Defined at:
		line 157 in file "bufferhandler.c"
 Parameters:    Size  Location     Type
  x               2   33[COMRAM] int 
 Auto vars:     Size  Location     Type
		None
 Return value:  Size  Location     Type
                  2   33[COMRAM] int 
 Registers used:
		wreg, status,2, status,0
 Tracked objects:
		On entry : 
		On exit  : 
		Unchanged: 
 Data sizes:     COMRAM   BANK0   BANK1   BANK2   BANK3   BANK4   BANK5   BANK6   BANK7   BANK8   BANK9  BANK10  BANK11  BANK12  BANK13  BANK14
      Params:         2       0       0       0       0       0       0       0       0       0       0       0       0       0       0       0
      Locals:         0       0       0       0       0       0       0       0       0       0       0       0       0       0       0       0
      Temps:          0       0       0       0       0       0       0       0       0       0       0       0       0       0       0       0
      Totals:         2       0       0       0       0       0       0       0       0       0       0       0       0       0       0       0
Total ram usage:        2 bytes
 Hardware stack levels used:    1
 Hardware stack levels required when called:    3
 This function calls:
		Nothing
 This function is called by:
		_parseString
 This function uses a non-reentrant model


 *************** function _checkString *****************
 Defined at:
		line 201 in file "bufferhandler.c"
 Parameters:    Size  Location     Type
		None
 Auto vars:     Size  Location     Type
  i               2   48[COMRAM] int 
 Return value:  Size  Location     Type
                  1    wreg      void 
 Registers used:
		wreg, fsr0l, fsr0h, fsr2l, fsr2h, status,2, status,0, tblptrl, tblptrh, tblptru, cstack
 Tracked objects:
		On entry : 
		On exit  : 
		Unchanged: 
 Data sizes:     COMRAM   BANK0   BANK1   BANK2   BANK3   BANK4   BANK5   BANK6   BANK7   BANK8   BANK9  BANK10  BANK11  BANK12  BANK13  BANK14
      Params:         0       0       0       0       0       0       0       0       0       0       0       0       0       0       0       0
      Locals:         2       0       0       0       0       0       0       0       0       0       0       0       0       0       0       0
      Temps:          4       0       0       0       0       0       0       0       0       0       0       0       0       0       0       0
      Totals:         6       0       0       0       0       0       0       0       0       0       0       0       0       0       0       0
Total ram usage:        6 bytes
 Hardware stack levels used:    1
 Hardware stack levels required when called:    5
 This function calls:
		_checkPos
 This function is called by:
		_parseString
 This function uses a non-reentrant model


 *************** function _checkPos *****************
 Defined at:
		line 217 in file "bufferhandler.c"
 Parameters:    Size  Location     Type
  pos             2   39[COMRAM] int 
 Auto vars:     Size  Location     Type
  i               2   42[COMRAM] int 
 Return value:  Size  Location     Type
                  2   39[COMRAM] int 
 Registers used:
		wreg, fsr0l, fsr0h, fsr2l, fsr2h, status,2, status,0, tblptrl, tblptrh, tblptru, cstack
 Tracked objects:
		On entry : 
		On exit  : 
		Unchanged: 
 Data sizes:     COMRAM   BANK0   BANK1   BANK2   BANK3   BANK4   BANK5   BANK6   BANK7   BANK8   BANK9  BANK10  BANK11  BANK12  BANK13  BANK14
      Params:         2       0       0       0       0       0       0       0       0       0       0       0       0       0       0       0
      Locals:         2       0       0       0       0       0       0       0       0       0       0       0       0       0       0       0
      Temps:          1       0       0       0       0       0       0       0       0       0       0       0       0       0       0       0
      Totals:         5       0       0       0       0       0       0       0       0       0       0       0       0       0       0       0
Total ram usage:        5 bytes
 Hardware stack levels used:    1
 Hardware stack levels required when called:    4
 This function calls:
		_strlen
 This function is called by:
		_checkString
 This function uses a non-reentrant model


 *************** function ___awdiv *****************
 Defined at:
		line 8 in file "C:\Program Files (x86)\Microchip\xc8\v1.41\sources\common\awdiv.c"
 Parameters:    Size  Location     Type
  dividend        2   33[COMRAM] int 
  divisor         2   35[COMRAM] int 
 Auto vars:     Size  Location     Type
  quotient        2   39[COMRAM] int 
  sign            1   38[COMRAM] unsigned char 
  counter         1   37[COMRAM] unsigned char 
 Return value:  Size  Location     Type
                  2   33[COMRAM] int 
 Registers used:
		wreg, status,2, status,0
 Tracked objects:
		On entry : 
		On exit  : 
		Unchanged: 
 Data sizes:     COMRAM   BANK0   BANK1   BANK2   BANK3   BANK4   BANK5   BANK6   BANK7   BANK8   BANK9  BANK10  BANK11  BANK12  BANK13  BANK14
      Params:         4       0       0       0       0       0       0       0       0       0       0       0       0       0       0       0
      Locals:         4       0       0       0       0       0       0       0       0       0       0       0       0       0       0       0
      Temps:          0       0       0       0       0       0       0       0       0       0       0       0       0       0       0       0
      Totals:         8       0       0       0       0       0       0       0       0       0       0       0       0       0       0       0
Total ram usage:        8 bytes
 Hardware stack levels used:    1
 Hardware stack levels required when called:    3
 This function calls:
		Nothing
 This function is called by:
		_parseString
 This function uses a non-reentrant model


 *************** function _isValid *****************
 Defined at:
		line 79 in file "bufferhandler.c"
 Parameters:    Size  Location     Type
		None
 Auto vars:     Size  Location     Type
		None
 Return value:  Size  Location     Type
                  1    wreg      unsigned char 
 Registers used:
		wreg, status,2, status,0
 Tracked objects:
		On entry : 
		On exit  : 
		Unchanged: 
 Data sizes:     COMRAM   BANK0   BANK1   BANK2   BANK3   BANK4   BANK5   BANK6   BANK7   BANK8   BANK9  BANK10  BANK11  BANK12  BANK13  BANK14
      Params:         0       0       0       0       0       0       0       0       0       0       0       0       0       0       0       0
      Locals:         0       0       0       0       0       0       0       0       0       0       0       0       0       0       0       0
      Temps:          0       0       0       0       0       0       0       0       0       0       0       0       0       0       0       0
      Totals:         0       0       0       0       0       0       0       0       0       0       0       0       0       0       0       0
Total ram usage:        0 bytes
 Hardware stack levels used:    1
 Hardware stack levels required when called:    3
 This function calls:
		Nothing
 This function is called by:
		_main
 This function uses a non-reentrant model


 *************** function _isItLongEnough *****************
 Defined at:
		line 40 in file "bufferhandler.c"
 Parameters:    Size  Location     Type
		None
 Auto vars:     Size  Location     Type
		None
 Return value:  Size  Location     Type
                  1    wreg      unsigned char 
 Registers used:
		wreg, status,2, status,0
 Tracked objects:
		On entry : 
		On exit  : 
		Unchanged: 
 Data sizes:     COMRAM   BANK0   BANK1   BANK2   BANK3   BANK4   BANK5   BANK6   BANK7   BANK8   BANK9  BANK10  BANK11  BANK12  BANK13  BANK14
      Params:         0       0       0       0       0       0       0       0       0       0       0       0       0       0       0       0
      Locals:         0       0       0       0       0       0       0       0       0       0       0       0       0       0       0       0
      Temps:          0       0       0       0       0       0       0       0       0       0       0       0       0       0       0       0
      Totals:         0       0       0       0       0       0       0       0       0       0       0       0       0       0       0       0
Total ram usage:        0 bytes
 Hardware stack levels used:    1
 Hardware stack levels required when called:    3
 This function calls:
		Nothing
 This function is called by:
		_main
 This function uses a non-reentrant model


 *************** function _copyTmpBuffer *****************
 Defined at:
		line 57 in file "bufferhandler.c"
 Parameters:    Size  Location     Type
		None
 Auto vars:     Size  Location     Type
  i               2   34[COMRAM] int 
 Return value:  Size  Location     Type
                  1    wreg      void 
 Registers used:
		wreg, fsr1l, fsr1h, fsr2l, fsr2h, status,2, status,0
 Tracked objects:
		On entry : 
		On exit  : 
		Unchanged: 
 Data sizes:     COMRAM   BANK0   BANK1   BANK2   BANK3   BANK4   BANK5   BANK6   BANK7   BANK8   BANK9  BANK10  BANK11  BANK12  BANK13  BANK14
      Params:         0       0       0       0       0       0       0       0       0       0       0       0       0       0       0       0
      Locals:         2       0       0       0       0       0       0       0       0       0       0       0       0       0       0       0
      Temps:          1       0       0       0       0       0       0       0       0       0       0       0       0       0       0       0
      Totals:         3       0       0       0       0       0       0       0       0       0       0       0       0       0       0       0
Total ram usage:        3 bytes
 Hardware stack levels used:    1
 Hardware stack levels required when called:    3
 This function calls:
		Nothing
 This function is called by:
		_main
 This function uses a non-reentrant model


 *************** function _clearBuffer *****************
 Defined at:
		line 49 in file "bufferhandler.c"
 Parameters:    Size  Location     Type
		None
 Auto vars:     Size  Location     Type
  i               2   39[COMRAM] int 
 Return value:  Size  Location     Type
                  1    wreg      void 
 Registers used:
		wreg, fsr0l, fsr0h, fsr2l, fsr2h, status,2, status,0, tblptrl, tblptrh, tblptru, cstack
 Tracked objects:
		On entry : 
		On exit  : 
		Unchanged: 
 Data sizes:     COMRAM   BANK0   BANK1   BANK2   BANK3   BANK4   BANK5   BANK6   BANK7   BANK8   BANK9  BANK10  BANK11  BANK12  BANK13  BANK14
      Params:         0       0       0       0       0       0       0       0       0       0       0       0       0       0       0       0
      Locals:         2       0       0       0       0       0       0       0       0       0       0       0       0       0       0       0
      Temps:          0       0       0       0       0       0       0       0       0       0       0       0       0       0       0       0
      Totals:         2       0       0       0       0       0       0       0       0       0       0       0       0       0       0       0
Total ram usage:        2 bytes
 Hardware stack levels used:    1
 Hardware stack levels required when called:    4
 This function calls:
		_strlen
 This function is called by:
		_main
 This function uses a non-reentrant model


 *************** function _strlen *****************
 Defined at:
		line 4 in file "C:\Program Files (x86)\Microchip\xc8\v1.41\sources\common\strlen.c"
 Parameters:    Size  Location     Type
  s               2   33[COMRAM] PTR const unsigned char 
		 -> toCharArray(4), allDataString(70), tmpString(70), STR_2(4), 
		 -> STR_1(5), 
 Auto vars:     Size  Location     Type
  cp              2   37[COMRAM] PTR const unsigned char 
		 -> toCharArray(4), allDataString(70), tmpString(70), STR_2(4), 
		 -> STR_1(5), 
 Return value:  Size  Location     Type
                  2   33[COMRAM] unsigned int 
 Registers used:
		wreg, fsr0l, fsr0h, status,2, status,0, tblptrl, tblptrh, tblptru
 Tracked objects:
		On entry : 
		On exit  : 
		Unchanged: 
 Data sizes:     COMRAM   BANK0   BANK1   BANK2   BANK3   BANK4   BANK5   BANK6   BANK7   BANK8   BANK9  BANK10  BANK11  BANK12  BANK13  BANK14
      Params:         2       0       0       0       0       0       0       0       0       0       0       0       0       0       0       0
      Locals:         2       0       0       0       0       0       0       0       0       0       0       0       0       0       0       0
      Temps:          2       0       0       0       0       0       0       0       0       0       0       0       0       0       0       0
      Totals:         6       0       0       0       0       0       0       0       0       0       0       0       0       0       0       0
Total ram usage:        6 bytes
 Hardware stack levels used:    1
 Hardware stack levels required when called:    3
 This function calls:
		Nothing
 This function is called by:
		_writeString
		_clearBuffer
		_checkPos
 This function uses a non-reentrant model


 *************** function _UART_Init *****************
 Defined at:
		line 31 in file "uart.c"
 Parameters:    Size  Location     Type
  baudrate        4   33[COMRAM] const long 
 Auto vars:     Size  Location     Type
		None
 Return value:  Size  Location     Type
                  1    wreg      unsigned char 
 Registers used:
		wreg, status,2
 Tracked objects:
		On entry : 
		On exit  : 
		Unchanged: 
 Data sizes:     COMRAM   BANK0   BANK1   BANK2   BANK3   BANK4   BANK5   BANK6   BANK7   BANK8   BANK9  BANK10  BANK11  BANK12  BANK13  BANK14
      Params:         4       0       0       0       0       0       0       0       0       0       0       0       0       0       0       0
      Locals:         0       0       0       0       0       0       0       0       0       0       0       0       0       0       0       0
      Temps:          0       0       0       0       0       0       0       0       0       0       0       0       0       0       0       0
      Totals:         4       0       0       0       0       0       0       0       0       0       0       0       0       0       0       0
Total ram usage:        4 bytes
 Hardware stack levels used:    1
 Hardware stack levels required when called:    3
 This function calls:
		Nothing
 This function is called by:
		_main
 This function uses a non-reentrant model


 *************** function _InitApp *****************
 Defined at:
		line 29 in file "user.c"
 Parameters:    Size  Location     Type
		None
 Auto vars:     Size  Location     Type
		None
 Return value:  Size  Location     Type
                  1    wreg      void 
 Registers used:
		wreg, status,2
 Tracked objects:
		On entry : 
		On exit  : 
		Unchanged: 
 Data sizes:     COMRAM   BANK0   BANK1   BANK2   BANK3   BANK4   BANK5   BANK6   BANK7   BANK8   BANK9  BANK10  BANK11  BANK12  BANK13  BANK14
      Params:         0       0       0       0       0       0       0       0       0       0       0       0       0       0       0       0
      Locals:         0       0       0       0       0       0       0       0       0       0       0       0       0       0       0       0
      Temps:          0       0       0       0       0       0       0       0       0       0       0       0       0       0       0       0
      Totals:         0       0       0       0       0       0       0       0       0       0       0       0       0       0       0       0
Total ram usage:        0 bytes
 Hardware stack levels used:    1
 Hardware stack levels required when called:    3
 This function calls:
		Nothing
 This function is called by:
		_main
 This function uses a non-reentrant model


 *************** function _ConfigureOscillator *****************
 Defined at:
		line 24 in file "system.c"
 Parameters:    Size  Location     Type
		None
 Auto vars:     Size  Location     Type
		None
 Return value:  Size  Location     Type
                  1    wreg      void 
 Registers used:
		wreg, status,2
 Tracked objects:
		On entry : 
		On exit  : 
		Unchanged: 
 Data sizes:     COMRAM   BANK0   BANK1   BANK2   BANK3   BANK4   BANK5   BANK6   BANK7   BANK8   BANK9  BANK10  BANK11  BANK12  BANK13  BANK14
      Params:         0       0       0       0       0       0       0       0       0       0       0       0       0       0       0       0
      Locals:         0       0       0       0       0       0       0       0       0       0       0       0       0       0       0       0
      Temps:          0       0       0       0       0       0       0       0       0       0       0       0       0       0       0       0
      Totals:         0       0       0       0       0       0       0       0       0       0       0       0       0       0       0       0
Total ram usage:        0 bytes
 Hardware stack levels used:    1
 Hardware stack levels required when called:    3
 This function calls:
		Nothing
 This function is called by:
		_main
 This function uses a non-reentrant model


 *************** function _low_isr *****************
 Defined at:
		line 66 in file "interrupts.c"
 Parameters:    Size  Location     Type
		None
 Auto vars:     Size  Location     Type
		None
 Return value:  Size  Location     Type
                  1    wreg      void 
 Registers used:
		None
 Tracked objects:
		On entry : 
		On exit  : 
		Unchanged: 
 Data sizes:     COMRAM   BANK0   BANK1   BANK2   BANK3   BANK4   BANK5   BANK6   BANK7   BANK8   BANK9  BANK10  BANK11  BANK12  BANK13  BANK14
      Params:         0       0       0       0       0       0       0       0       0       0       0       0       0       0       0       0
      Locals:         0       0       0       0       0       0       0       0       0       0       0       0       0       0       0       0
      Temps:         17       0       0       0       0       0       0       0       0       0       0       0       0       0       0       0
      Totals:        17       0       0       0       0       0       0       0       0       0       0       0       0       0       0       0
Total ram usage:       17 bytes
 Hardware stack levels used:    1
 Hardware stack levels required when called:    2
 This function calls:
		Nothing
 This function is called by:
		Interrupt level 1
 This function uses a non-reentrant model


 *************** function _high_isr *****************
 Defined at:
		line 30 in file "interrupts.c"
 Parameters:    Size  Location     Type
		None
 Auto vars:     Size  Location     Type
		None
 Return value:  Size  Location     Type
                  1    wreg      void 
 Registers used:
		wreg, fsr2l, fsr2h, status,2, status,0, cstack
 Tracked objects:
		On entry : 
		On exit  : 
		Unchanged: 
 Data sizes:     COMRAM   BANK0   BANK1   BANK2   BANK3   BANK4   BANK5   BANK6   BANK7   BANK8   BANK9  BANK10  BANK11  BANK12  BANK13  BANK14
      Params:         0       0       0       0       0       0       0       0       0       0       0       0       0       0       0       0
      Locals:         0       0       0       0       0       0       0       0       0       0       0       0       0       0       0       0
      Temps:         15       0       0       0       0       0       0       0       0       0       0       0       0       0       0       0
      Totals:        15       0       0       0       0       0       0       0       0       0       0       0       0       0       0       0
Total ram usage:       15 bytes
 Hardware stack levels used:    1
 Hardware stack levels required when called:    1
 This function calls:
		_appendChar
 This function is called by:
		Interrupt level 2
 This function uses a non-reentrant model


 *************** function _appendChar *****************
 Defined at:
		line 34 in file "bufferhandler.c"
 Parameters:    Size  Location     Type
  data            1    wreg     unsigned char 
 Auto vars:     Size  Location     Type
  data            1    0[COMRAM] unsigned char 
 Return value:  Size  Location     Type
                  1    wreg      void 
 Registers used:
		wreg, fsr2l, fsr2h, status,2, status,0
 Tracked objects:
		On entry : 
		On exit  : 
		Unchanged: 
 Data sizes:     COMRAM   BANK0   BANK1   BANK2   BANK3   BANK4   BANK5   BANK6   BANK7   BANK8   BANK9  BANK10  BANK11  BANK12  BANK13  BANK14
      Params:         0       0       0       0       0       0       0       0       0       0       0       0       0       0       0       0
      Locals:         1       0       0       0       0       0       0       0       0       0       0       0       0       0       0       0
      Temps:          0       0       0       0       0       0       0       0       0       0       0       0       0       0       0       0
      Totals:         1       0       0       0       0       0       0       0       0       0       0       0       0       0       0       0
Total ram usage:        1 bytes
 Hardware stack levels used:    1
 This function calls:
		Nothing
 This function is called by:
		_high_isr
 This function uses a non-reentrant model



MODULE INFORMATION

Module		Function		Class		Link	Load	Size
C:\Program Files (x86)\Microchip\xc8\v1.41\sources\common\awdiv.c
		___awdiv       		CODE           	13CC	0000	133

C:\Program Files (x86)\Microchip\xc8\v1.41\sources\common\awdiv.c estimated size: 133

bufferhandler.c
		_checkString   		CODE           	11D4	0000	185
		_isValid       		CODE           	1724	0000	59
		_writeResult   		CODE           	17B6	0000	33
		_appendChar    		CODE           	1828	0000	25
		_checkPos      		CODE           	1654	0000	75
		_transformToTwoDigitNumber		CODE           	10BC	0000	281
		_copyTmpBuffer 		CODE           	16E4	0000	65
		_lenHelper     		CODE           	14AE	0000	89
		_parseString   		CODE           	0F0C	0000	433
		_clearBuffer   		CODE           	169E	0000	71
		_isItLongEnough		CODE           	1810	0000	25

bufferhandler.c estimated size: 1341

uart.c
		_writeString   		CODE           	1450	0000	95
		_UART_Init     		CODE           	175E	0000	51
		_UART_Write    		CODE           	17F4	0000	29

uart.c estimated size: 175

C:\Program Files (x86)\Microchip\xc8\v1.41\sources\common\Umul16.c
		___wmul        		CODE           	1790	0000	39

C:\Program Files (x86)\Microchip\xc8\v1.41\sources\common\Umul16.c estimated size: 39

interrupts.c
		_high_isr      		CODE           	0008	0000	161
		_low_isr       		CODE           	0018	0000	143

interrupts.c estimated size: 304

C:\Program Files (x86)\Microchip\xc8\v1.41\sources\common\Umul32.c
		___lmul        		CODE           	155C	0000	87

C:\Program Files (x86)\Microchip\xc8\v1.41\sources\common\Umul32.c estimated size: 87

shared
		__initialization		CODE           	1606	0000	69

shared estimated size: 69

C:\Program Files (x86)\Microchip\xc8\v1.41\sources\common\strlen.c
		_strlen        		CODE           	15B2	0000	85

C:\Program Files (x86)\Microchip\xc8\v1.41\sources\common\strlen.c estimated size: 85

user.c
		_InitApp       		CODE           	17D6	0000	31

user.c estimated size: 31

main.c
		_main          		CODE           	128C	0000	167

main.c estimated size: 167

system.c
		_ConfigureOscillator		CODE           	1852	0000	13
		_wait_ms       		CODE           	1506	0000	87

system.c estimated size: 100

