Microchip MPLAB XC8 Compiler V1.41 ()

Linker command line:

-W-3 --edf=C:\Program Files (x86)\Microchip\xc8\v1.41\dat\en_msgs.txt -cs \
  -h+dist/Default/production\PicClicker.production.sym \
  --cmf=dist/Default/production\PicClicker.production.cmf -z -Q18F47J53 \
  -oC:\Users\tomas\AppData\Local\Temp\scmo.2 \
  -Mdist/Default/production/PicClicker.production.map -E1 -ver=XC8 \
  -ASTACK=0146h-0eafh -pstack=STACK -ACODE=00h-01FFF7h -ACONST=00h-01FFF7h \
  -ASMALLCONST=0F00h-0FFFhx496,01FF00h-01FFF7h \
  -AMEDIUMCONST=0F00h-0FFFFh,010F00h-01FFF7h -ACOMRAM=01h-05Fh \
  -AABS1=00h-0EAFh -ABIGRAM=01h-0EAFh \
  -ARAM=060h-0FFh,0100h-01FFhx13,0E00h-0EAFh -ABANK0=060h-0FFh \
  -ABANK1=0100h-01FFh -ABANK2=0200h-02FFh -ABANK3=0300h-03FFh \
  -ABANK4=0400h-04FFh -ABANK5=0500h-05FFh -ABANK6=0600h-06FFh \
  -ABANK7=0700h-07FFh -ABANK8=0800h-08FFh -ABANK9=0900h-09FFh \
  -ABANK10=0A00h-0AFFh -ABANK11=0B00h-0BFFh -ABANK12=0C00h-0CFFh \
  -ABANK13=0D00h-0DFFh -ABANK14=0E00h-0EAFh \
  -ASFR=0EB0h-0EFFh,0F00h-0F5Fh,0F60h-0FFFh \
  -preset_vec=00h,intcode=08h,intcodelo=018h,powerup,init -pramtop=0F00h \
  -psmallconst=SMALLCONST -pmediumconst=MEDIUMCONST -pconst=CONST \
  -AFARRAM=00h-00h -ACONFIG=01FFF8h-01FFFFh -pconfig=CONFIG \
  -pjflash_buffer=01F800h \
  -prdata=COMRAM,nvrram=COMRAM,nvbit=COMRAM,rbss=COMRAM,rbit=COMRAM \
  -pfarbss=FARRAM,fardata=FARRAM,nvFARRAM=FARRAM \
  -pintsave_regs=BIGRAM,bigbss=BIGRAM,bigdata=BIGRAM -pbss=RAM \
  -pidata=CODE,irdata=CODE,ibigdata=CODE,ifardata=CODE -prparam=COMRAM \
  C:\Users\tomas\AppData\Local\Temp\scmo.obj \
  dist/Default/production\PicClicker.production.obj 

Object code version is 3.11

Machine type is 18F47J53

Call graph: (short form)




                Name                               Link     Load   Length Selector   Space Scale
C:\Users\tomas\AppData\Local\Temp\scmo.obj
                init                                 A6       A6        4        C       0
                reset_vec                             0        0        4        0       0
                config                            1FFF8    1FFF8        8    1FFF8       0
dist/Default/production\PicClicker.production.obj
                intcodelo                            18       18       8E        C       0
                intcode                               8        8        6        4       0
                temp                                 3E       3E        1        1       1
                smallconst                          F00      F00        C      780       0
                text24                             19CE     19CE       18      786       0
                intcode_body                       146E     146E       9A      786       0
                text21                             19F8     19F8        C      CFC       0
                text20                             197C     197C       1E      786       0
                text19                             1920     1920       32      786       0
                text18                             171A     171A       5A      786       0
                text17                             17CC     17CC       52      786       0
                text16                             186C     186C       40      786       0
                text15                             19B6     19B6       18      786       0
                text14                             18E6     18E6       3A      786       0
                text13                             13D2     13D2       9C      786       0
                text12                             1508     1508       7E      786       0
                text11                             1664     1664       5C      786       0
                text10                             1240     1240       DC      786       0
                text9                              1774     1774       58      786       0
                text8                              1952     1952       2A      786       0
                text7                              1102     1102      13E      786       0
                text6                               F0C      F0C      1F6      786       0
                text5                              15F8     15F8       6C      786       0
                text4                              16C0     16C0       5A      786       0
                text3                              199A     199A       1C      786       0
                text2                              1586     1586       72      786       0
                text1                              18AC     18AC       3A      786       0
                text0                              131C     131C       B6      786       0
                cstackCOMRAM                          1        1       26        1       1
                cstackBANK0                          C9       C9       23       60       1
                bssBANK1                            100      100       46      100       1
                bssBANK0                             60       60       69       60       1
                dataCOMRAM                           27       27       11        1       1
                bssCOMRAM                            38       38        6        1       1
                cinit                              181E     181E       4E      786       0
                idataCOMRAM                        19E6     19E6       11      786       0

TOTAL           Name                               Link     Load   Length     Space
        CLASS   STACK          

        CLASS   CODE           
                intcodelo                            18       18       8E         0
                intcode                               8        8        6         0
                init                                 A6       A6        4         0
                reset_vec                             0        0        4         0
                text24                             19CE     19CE       18         0
                intcode_body                       146E     146E       9A         0
                text21                             19F8     19F8        C         0
                text20                             197C     197C       1E         0
                text19                             1920     1920       32         0
                text18                             171A     171A       5A         0
                text17                             17CC     17CC       52         0
                text16                             186C     186C       40         0
                text15                             19B6     19B6       18         0
                text14                             18E6     18E6       3A         0
                text13                             13D2     13D2       9C         0
                text12                             1508     1508       7E         0
                text11                             1664     1664       5C         0
                text10                             1240     1240       DC         0
                text9                              1774     1774       58         0
                text8                              1952     1952       2A         0
                text7                              1102     1102      13E         0
                text6                               F0C      F0C      1F6         0
                text5                              15F8     15F8       6C         0
                text4                              16C0     16C0       5A         0
                text3                              199A     199A       1C         0
                text2                              1586     1586       72         0
                text1                              18AC     18AC       3A         0
                text0                              131C     131C       B6         0
                cinit                              181E     181E       4E         0
                idataCOMRAM                        19E6     19E6       11         0

        CLASS   CONST          

        CLASS   SMALLCONST     
                smallconst                          F00      F00        C         0

        CLASS   MEDIUMCONST    

        CLASS   COMRAM         
                temp                                 3E       3E        1         1
                cstackCOMRAM                          1        1       26         1
                dataCOMRAM                           27       27       11         1
                bssCOMRAM                            38       38        6         1

        CLASS   ABS1           

        CLASS   BIGRAM         

        CLASS   RAM            

        CLASS   BANK0          
                cstackBANK0                          C9       C9       23         1
                bssBANK0                             60       60       69         1

        CLASS   BANK1          
                bssBANK1                            100      100       46         1

        CLASS   BANK2          

        CLASS   BANK3          

        CLASS   BANK4          

        CLASS   BANK5          

        CLASS   BANK6          

        CLASS   BANK7          

        CLASS   BANK8          

        CLASS   BANK9          

        CLASS   BANK10         

        CLASS   BANK11         

        CLASS   BANK12         

        CLASS   BANK13         

        CLASS   BANK14         

        CLASS   SFR            

        CLASS   FARRAM         

        CLASS   CONFIG         
                config                            1FFF8    1FFF8        8         0

        CLASS   IDLOC          



SEGMENTS        Name                           Load    Length   Top    Selector   Space  Class

                reset_vec                      000000  000004  000004         0       0  CODE    
                cstackCOMRAM                   000001  00003E  00003F         1       1  COMRAM  
                intcode                        000008  000006  00000E         4       0  CODE    
                intcodelo                      000018  000092  0000AA         C       0  CODE    
                bssBANK0                       000060  00008C  0000EC        60       1  BANK0   
                bssBANK1                       000100  000046  000146       100       1  BANK1   
                smallconst                     000F00  00000C  000F0C       780       0  SMALLCON
                text6                          000F0C  000AEB  0019F7       786       0  CODE    
                text21                         0019F8  00000C  001A04       CFC       0  CODE    
                config                         01FFF8  000008  020000     1FFF8       0  CONFIG  


UNUSED ADDRESS RANGES

        Name                Unused          Largest block    Delta
        BANK0            000EC-000FF              14
        BANK1            00146-001FF              BA
        BANK10           00A00-00AFF             100
        BANK11           00B00-00BFF             100
        BANK12           00C00-00CFF             100
        BANK13           00D00-00DFF             100
        BANK14           00E00-00EAF              B0
        BANK2            00200-002FF             100
        BANK3            00300-003FF             100
        BANK4            00400-004FF             100
        BANK5            00500-005FF             100
        BANK6            00600-006FF             100
        BANK7            00700-007FF             100
        BANK8            00800-008FF             100
        BANK9            00900-009FF             100
        BIGRAM           0003F-0005F              21
                         000EC-000FF              14
                         00146-00EAF             D6A
        CODE             00004-00007               4
                         0000E-00017               A
                         000AA-00EFF             E56
                         019F7-019F7               1
                         01A04-1FFF7           1E5F4
        COMRAM           0003F-0005F              21
        CONST            00004-00007               4
                         0000E-00017               A
                         000AA-00EFF             E56
                         019F7-019F7               1
                         01A04-1FFF7           1E5F4
        MEDIUMCONST      019F7-019F7               1
                         01A04-0FFFF            E5FC
                         10F00-1FFF7            F0F8
        RAM              000EC-000FF              14
                         00146-00EAF             100
        SFR              00EB0-00FFF              60
        SMALLCONST       019F7-019F7               1
                         01A04-1FFF7             100
        STACK            00146-00EAF             D6A

                                  Symbol Table

?___awdiv                           cstackCOMRAM  00022
?___awmod                           cstackCOMRAM  00022
?___lmul                            cstackBANK0   000C9
?___wmul                            cstackCOMRAM  00022
?_checkPos                          cstackBANK0   000CB
?_lenHelper                         cstackCOMRAM  00022
?_strlen                            cstackCOMRAM  00022
?_transformToTwoDigitNumber         cstackBANK0   000CB
UART_Init@baudrate                  cstackCOMRAM  00022
UART_Write@data                     cstackCOMRAM  00023
UART_Write@dev                      cstackCOMRAM  00022
_BAUDCON1bits                       (abs)         00F7E
_BAUDCON2bits                       (abs)         00F7C
_ConfigureOscillator                text21        019F8
_INTCON                             (abs)         00FF2
_InitApp                            text20        0197C
_LATAbits                           (abs)         00F89
_OSCCONbits                         (abs)         00FD3
_OSCTUNEbits                        (abs)         00F9B
_PORTDbits                          (abs)         00F83
_PPSCON                             (abs)         00EBF
_RC1IE                              (abs)         07CED
_RC1IF                              (abs)         07CF5
_RC2IE                              (abs)         07D1D
_RC2IF                              (abs)         07D25
_RCIF                               (abs)         07CF5
_RCREG1                             (abs)         00FAF
_RCREG2                             (abs)         00FAA
_RCSTA1                             (abs)         00FAC
_RCSTA2                             (abs)         00F9C
_RPINR16                            (abs)         00EF7
_RPOR8                              (abs)         00EC8
_SOC                                bssBANK0      000C3
_SPBRG1                             (abs)         00FB0
_SPBRG2                             (abs)         00FAB
_SPBRGH1                            (abs)         00F7F
_SPBRGH2                            (abs)         00F7D
_TRISAbits                          (abs)         00F92
_TRISB4                             (abs)         07C9C
_TRISB5                             (abs)         07C9D
_TRISC6                             (abs)         07CA6
_TRISC7                             (abs)         07CA7
_TRISDbits                          (abs)         00F95
_TXREG1                             (abs)         00FAE
_TXREG2                             (abs)         00FA9
_TXSTA1                             (abs)         00FAD
_TXSTA1bits                         (abs)         00FAD
_TXSTA2                             (abs)         00FA8
_TXSTA2bits                         (abs)         00FA8
_UART_Init                          text19        01920
_UART_Write                         text3         0199A
__CFG_ADCSEL$BIT10                  (abs)         00000
__CFG_CFGPLLEN$OFF                  (abs)         00000
__CFG_CLKOEC$ON                     (abs)         00000
__CFG_CP0$OFF                       (abs)         00000
__CFG_CPUDIV$OSC1                   (abs)         00000
__CFG_DSBOREN$ON                    (abs)         00000
__CFG_DSWDTEN$ON                    (abs)         00000
__CFG_DSWDTOSC$INTOSCREF            (abs)         00000
__CFG_DSWDTPS$G2                    (abs)         00000
__CFG_FCMEN$ON                      (abs)         00000
__CFG_IESO$ON                       (abs)         00000
__CFG_IOL1WAY$ON                    (abs)         00000
__CFG_LS48MHZ$SYS48X8               (abs)         00000
__CFG_MSSP7B_EN$MSK7                (abs)         00000
__CFG_OSC$INTOSC                    (abs)         00000
__CFG_PLLDIV$1                      (abs)         00000
__CFG_RTCOSC$T1OSCREF               (abs)         00000
__CFG_SOSCSEL$HIGH                  (abs)         00000
__CFG_STVREN$ON                     (abs)         00000
__CFG_WDTEN$OFF                     (abs)         00000
__CFG_WDTPS$32768                   (abs)         00000
__CFG_WPCFG$OFF                     (abs)         00000
__CFG_WPDIS$OFF                     (abs)         00000
__CFG_WPEND$PAGE_WPFP               (abs)         00000
__CFG_WPFP$PAGE_127                 (abs)         00000
__CFG_XINST$OFF                     (abs)         00000
__HRAM                              (abs)         00000
__Habs1                             abs1          00000
__Hbank0                            bank0         00000
__Hbank1                            bank1         00000
__Hbank10                           bank10        00000
__Hbank11                           bank11        00000
__Hbank12                           bank12        00000
__Hbank13                           bank13        00000
__Hbank14                           bank14        00000
__Hbank2                            bank2         00000
__Hbank3                            bank3         00000
__Hbank4                            bank4         00000
__Hbank5                            bank5         00000
__Hbank6                            bank6         00000
__Hbank7                            bank7         00000
__Hbank8                            bank8         00000
__Hbank9                            bank9         00000
__Hbigbss                           bigbss        00000
__Hbigdata                          bigdata       00000
__Hbigram                           bigram        00000
__Hbss                              bss           00000
__HbssBANK0                         bssBANK0      00000
__HbssBANK1                         bssBANK1      00000
__HbssCOMRAM                        bssCOMRAM     00000
__Hcinit                            cinit         00000
__Hclrtext                          clrtext       00000
__Hcomram                           comram        00000
__Hconfig                           config        20000
__Hconst                            const         00000
__HcstackBANK0                      cstackBANK0   00000
__HcstackCOMRAM                     cstackCOMRAM  00000
__Hdata                             data          00000
__HdataCOMRAM                       dataCOMRAM    00000
__Hfarbss                           farbss        00000
__Hfardata                          fardata       00000
__Hibigdata                         ibigdata      00000
__Hidata                            idata         00000
__HidataCOMRAM                      idataCOMRAM   00000
__Hidloc                            idloc         00000
__Hifardata                         ifardata      00000
__Hinit                             init          000AA
__Hintcode                          intcode       0000E
__Hintcode_body                     intcode_body  00000
__Hintcodelo                        intcodelo     000A6
__Hintentry                         intentry      00000
__Hintret                           intret        00000
__Hintsave_regs                     intsave_regs  00000
__Hirdata                           irdata        00000
__Hjflash_buffer                    jflash_buffer 1F800
__Hmediumconst                      mediumconst   00000
__HnvFARRAM                         nvFARRAM      00000
__Hnvbit                            nvbit         00000
__Hnvrram                           nvrram        00000
__Hparam                            rparam        00000
__Hpowerup                          powerup       000A6
__Hram                              ram           00000
__Hramtop                           ramtop        00F00
__Hrbit                             rbit          00000
__Hrbss                             rbss          00000
__Hrdata                            rdata         00000
__Hreset_vec                        reset_vec     00004
__Hrparam                           rparam        00000
__Hsfr                              sfr           00000
__Hsmallconst                       smallconst    00F0C
__Hspace_0                          (abs)         20000
__Hspace_1                          (abs)         00146
__Hspace_2                          (abs)         00000
__Hstack                            stack         00000
__Hstruct                           struct        00000
__Htemp                             temp          0003F
__Htext                             text          00000
__Htext0                            text0         00000
__Htext1                            text1         00000
__Htext10                           text10        00000
__Htext11                           text11        00000
__Htext12                           text12        00000
__Htext13                           text13        00000
__Htext14                           text14        00000
__Htext15                           text15        00000
__Htext16                           text16        00000
__Htext17                           text17        00000
__Htext18                           text18        00000
__Htext19                           text19        00000
__Htext2                            text2         00000
__Htext20                           text20        00000
__Htext21                           text21        00000
__Htext24                           text24        00000
__Htext3                            text3         00000
__Htext4                            text4         00000
__Htext5                            text5         00000
__Htext6                            text6         00000
__Htext7                            text7         00000
__Htext8                            text8         00000
__Htext9                            text9         00000
__LRAM                              (abs)         00001
__Labs1                             abs1          00000
__Lbank0                            bank0         00000
__Lbank1                            bank1         00000
__Lbank10                           bank10        00000
__Lbank11                           bank11        00000
__Lbank12                           bank12        00000
__Lbank13                           bank13        00000
__Lbank14                           bank14        00000
__Lbank2                            bank2         00000
__Lbank3                            bank3         00000
__Lbank4                            bank4         00000
__Lbank5                            bank5         00000
__Lbank6                            bank6         00000
__Lbank7                            bank7         00000
__Lbank8                            bank8         00000
__Lbank9                            bank9         00000
__Lbigbss                           bigbss        00000
__Lbigdata                          bigdata       00000
__Lbigram                           bigram        00000
__Lbss                              bss           00000
__LbssBANK0                         bssBANK0      00000
__LbssBANK1                         bssBANK1      00000
__LbssCOMRAM                        bssCOMRAM     00000
__Lcinit                            cinit         00000
__Lclrtext                          clrtext       00000
__Lcomram                           comram        00000
__Lconfig                           config        1FFF8
__Lconst                            const         00000
__LcstackBANK0                      cstackBANK0   00000
__LcstackCOMRAM                     cstackCOMRAM  00000
__Ldata                             data          00000
__LdataCOMRAM                       dataCOMRAM    00000
__Lfarbss                           farbss        00000
__Lfardata                          fardata       00000
__Libigdata                         ibigdata      00000
__Lidata                            idata         00000
__LidataCOMRAM                      idataCOMRAM   00000
__Lidloc                            idloc         00000
__Lifardata                         ifardata      00000
__Linit                             init          000A6
__Lintcode                          intcode       00008
__Lintcode_body                     intcode_body  00000
__Lintcodelo                        intcodelo     00018
__Lintentry                         intentry      00000
__Lintret                           intret        00000
__Lintsave_regs                     intsave_regs  00000
__Lirdata                           irdata        00000
__Ljflash_buffer                    jflash_buffer 1F800
__Lmediumconst                      mediumconst   00000
__LnvFARRAM                         nvFARRAM      00000
__Lnvbit                            nvbit         00000
__Lnvrram                           nvrram        00000
__Lparam                            rparam        00000
__Lpowerup                          powerup       000A6
__Lram                              ram           00000
__Lramtop                           ramtop        00F00
__Lrbit                             rbit          00000
__Lrbss                             rbss          00000
__Lrdata                            rdata         00000
__Lreset_vec                        reset_vec     00000
__Lrparam                           rparam        00000
__Lsfr                              sfr           00000
__Lsmallconst                       smallconst    00F00
__Lspace_0                          (abs)         00000
__Lspace_1                          (abs)         00000
__Lspace_2                          (abs)         00000
__Lstack                            stack         00000
__Lstruct                           struct        00000
__Ltemp                             temp          0003E
__Ltext                             text          00000
__Ltext0                            text0         00000
__Ltext1                            text1         00000
__Ltext10                           text10        00000
__Ltext11                           text11        00000
__Ltext12                           text12        00000
__Ltext13                           text13        00000
__Ltext14                           text14        00000
__Ltext15                           text15        00000
__Ltext16                           text16        00000
__Ltext17                           text17        00000
__Ltext18                           text18        00000
__Ltext19                           text19        00000
__Ltext2                            text2         00000
__Ltext20                           text20        00000
__Ltext21                           text21        00000
__Ltext24                           text24        00000
__Ltext3                            text3         00000
__Ltext4                            text4         00000
__Ltext5                            text5         00000
__Ltext6                            text6         00000
__Ltext7                            text7         00000
__Ltext8                            text8         00000
__Ltext9                            text9         00000
__S0                                (abs)         20000
__S1                                (abs)         00146
__S2                                (abs)         00000
___awdiv                            text13        013D2
___awdiv@counter                    cstackBANK0   000C9
___awdiv@dividend                   cstackCOMRAM  00022
___awdiv@divisor                    cstackCOMRAM  00024
___awdiv@quotient                   cstackBANK0   000CB
___awdiv@sign                       cstackBANK0   000CA
___awmod                            text12        01508
___awmod@counter                    cstackBANK0   000C9
___awmod@dividend                   cstackCOMRAM  00022
___awmod@divisor                    cstackCOMRAM  00024
___awmod@sign                       cstackBANK0   000CA
___inthi_sp                         stack         00000
___intlo_sp                         stack         00000
___lmul                             text5         015F8
___lmul@multiplicand                cstackBANK0   000CD
___lmul@multiplier                  cstackBANK0   000C9
___lmul@product                     cstackCOMRAM  00022
___param_bank                       (abs)         00000
___rparam_used                      (abs)         00001
___sp                               stack         00000
___wmul                             text8         01952
___wmul@multiplicand                cstackCOMRAM  00024
___wmul@multiplier                  cstackCOMRAM  00022
___wmul@product                     cstackBANK0   000C9
__accesstop                         (abs)         00060
__activetblptr                      (abs)         00003
__end_of_ConfigureOscillator        text21        01A04
__end_of_InitApp                    text20        0199A
__end_of_UART_Init                  text19        01952
__end_of_UART_Write                 text3         019B6
__end_of___awdiv                    text13        0146E
__end_of___awmod                    text12        01586
__end_of___lmul                     text5         01664
__end_of___wmul                     text8         0197C
__end_of__initialization            cinit         01862
__end_of_appendChar                 text24        019E6
__end_of_checkPos                   text11        016C0
__end_of_checkString                text10        0131C
__end_of_clearBuffer                text17        0181E
__end_of_copyTmpBuffer              text16        018AC
__end_of_high_isr                   intcode_body  01508
__end_of_isItLongEnough             text15        019CE
__end_of_isValid                    text14        01920
__end_of_lenHelper                  text9         017CC
__end_of_low_isr                    intcodelo     000A6
__end_of_main                       text0         013D2
__end_of_parseString                text6         01102
__end_of_strlen                     text18        01774
__end_of_transformToTwoDigitNumber  text7         01240
__end_of_wait_ms                    text4         0171A
__end_of_writeResult                text1         018E6
__end_of_writeString                text2         015F8
__initialization                    cinit         0181E
__mediumconst                       mediumconst   00000
__pbssBANK0                         bssBANK0      00060
__pbssBANK1                         bssBANK1      00100
__pbssCOMRAM                        bssCOMRAM     00038
__pcinit                            cinit         0181E
__pcstackBANK0                      cstackBANK0   000C9
__pcstackCOMRAM                     cstackCOMRAM  00001
__pdataCOMRAM                       dataCOMRAM    00027
__pidataCOMRAM                      idataCOMRAM   019E6
__pintcode                          intcode       00008
__pintcode_body                     intcode_body  0146E
__pintcodelo                        intcodelo     00018
__psmallconst                       smallconst    00F00
__ptext0                            text0         0131C
__ptext1                            text1         018AC
__ptext10                           text10        01240
__ptext11                           text11        01664
__ptext12                           text12        01508
__ptext13                           text13        013D2
__ptext14                           text14        018E6
__ptext15                           text15        019B6
__ptext16                           text16        0186C
__ptext17                           text17        017CC
__ptext18                           text18        0171A
__ptext19                           text19        01920
__ptext2                            text2         01586
__ptext20                           text20        0197C
__ptext21                           text21        019F8
__ptext24                           text24        019CE
__ptext3                            text3         0199A
__ptext4                            text4         016C0
__ptext5                            text5         015F8
__ptext6                            text6         00F0C
__ptext7                            text7         01102
__ptext8                            text8         01952
__ptext9                            text9         01774
__ramtop                            ramtop        00F00
__size_of_ConfigureOscillator       (abs)         00000
__size_of_InitApp                   (abs)         00000
__size_of_UART_Init                 (abs)         00000
__size_of_UART_Write                (abs)         00000
__size_of___awdiv                   (abs)         00000
__size_of___awmod                   (abs)         00000
__size_of___lmul                    (abs)         00000
__size_of___wmul                    (abs)         00000
__size_of_appendChar                (abs)         00000
__size_of_checkPos                  (abs)         00000
__size_of_checkString               (abs)         00000
__size_of_clearBuffer               (abs)         00000
__size_of_copyTmpBuffer             (abs)         00000
__size_of_high_isr                  (abs)         00000
__size_of_isItLongEnough            (abs)         00000
__size_of_isValid                   (abs)         00000
__size_of_lenHelper                 (abs)         00000
__size_of_low_isr                   (abs)         00000
__size_of_main                      (abs)         00000
__size_of_parseString               (abs)         00000
__size_of_strlen                    (abs)         00000
__size_of_transformToTwoDigitNumber (abs)         00000
__size_of_wait_ms                   (abs)         00000
__size_of_writeResult               (abs)         00000
__size_of_writeString               (abs)         00000
__smallconst                        smallconst    00F00
_allDataString                      bssBANK1      00100
_appendChar                         text24        019CE
_charSOC                            bssBANK0      0007A
_checkPos                           text11        01664
_checkString                        text10        01240
_clearBuffer                        text17        017CC
_copyTmpBuffer                      text16        0186C
_high_isr                           intcode       00008
_index                              bssCOMRAM     0003C
_isItLongEnough                     text15        019B6
_isValid                            text14        018E6
_lenHelper                          text9         01774
_low_isr                            intcodelo     00018
_main                               text0         0131C
_parseString                        text6         00F0C
_parsedString                       dataCOMRAM    00027
_positions                          bssBANK0      00060
_strlen                             text18        0171A
_tmpString                          bssBANK0      0007D
_toCharArray                        bssBANK0      00076
_transformToTwoDigitNumber          text7         01102
_wait_ms                            text4         016C0
_writeResult                        text1         018AC
_writeString                        text2         01586
appendChar@data                     cstackCOMRAM  00001
btemp                               temp          0003E
checkPos@i                          cstackBANK0   000CD
checkPos@pos                        cstackBANK0   000CB
checkString@i                       cstackBANK0   000D3
clearBuffer@i                       cstackBANK0   000CB
copyTmpBuffer@i                     cstackCOMRAM  00023
end_of_initialization               cinit         01862
int$flags                           temp          0003E
int_func                            intcode_body  0146E
intlevel0                           text          00000
intlevel1                           text          00000
intlevel2                           text          00000
intlevel3                           text          00000
lenHelper@x                         cstackCOMRAM  00022
main@var                            cstackBANK0   000EB
parseString@CHG                     cstackBANK0   000E0
parseString@chgStart                cstackBANK0   000DE
parseString@chgStop                 cstackBANK0   000D9
parseString@i                       cstackBANK0   000E7
parseString@k                       cstackBANK0   000E5
parseString@socEndPos               cstackBANK0   000E3
parseString@socSize                 cstackBANK0   000DC
parseString@socStartPos             cstackBANK0   000E1
parseString@tmp                     cstackBANK0   000E9
parseString@tmpSOC                  cstackBANK0   000DB
stackhi                             (abs)         00EAF
stacklo                             (abs)         00146
start                               init          000A6
start_initialization                cinit         0181E
strlen@cp                           cstackBANK0   000C9
strlen@s                            cstackCOMRAM  00022
transformToTwoDigitNumber@number    cstackBANK0   000CB
transformToTwoDigitNumber@result    cstackBANK0   000D1
transformToTwoDigitNumber@size      cstackBANK0   000CD
wait_ms@time                        cstackBANK0   000D1
wait_ms@timel                       bssCOMRAM     00038
writeResult@dev                     cstackCOMRAM  00026
writeString@dev                     cstackBANK0   000CD
writeString@i                       cstackBANK0   000D0
writeString@str                     cstackBANK0   000CB


FUNCTION INFORMATION:

 *************** function _main *****************
 Defined at:
		line 39 in file "main.c"
 Parameters:    Size  Location     Type
		None
 Auto vars:     Size  Location     Type
  var             1   34[BANK0 ] unsigned char 
  result          1    0        unsigned char 
 Return value:  Size  Location     Type
                  1    wreg      void 
 Registers used:
		wreg, fsr0l, fsr0h, fsr1l, fsr1h, fsr2l, fsr2h, status,2, status,0, tblptrl, tblptrh, tblptru, prodl, prodh, cstack
 Tracked objects:
		On entry : 
		On exit  : 
		Unchanged: 
 Data sizes:     COMRAM   BANK0   BANK1   BANK2   BANK3   BANK4   BANK5   BANK6   BANK7   BANK8   BANK9  BANK10  BANK11  BANK12  BANK13  BANK14
      Params:         0       0       0       0       0       0       0       0       0       0       0       0       0       0       0       0
      Locals:         0       1       0       0       0       0       0       0       0       0       0       0       0       0       0       0
      Temps:          0       0       0       0       0       0       0       0       0       0       0       0       0       0       0       0
      Totals:         0       1       0       0       0       0       0       0       0       0       0       0       0       0       0       0
Total ram usage:        1 bytes
 Hardware stack levels required when called:    7
 This function calls:
		_ConfigureOscillator
		_InitApp
		_UART_Init
		_UART_Write
		_clearBuffer
		_copyTmpBuffer
		_isItLongEnough
		_isValid
		_parseString
		_wait_ms
		_writeResult
		_writeString
 This function is called by:
		Startup code after reset
 This function uses a non-reentrant model


 *************** function _writeResult *****************
 Defined at:
		line 63 in file "bufferhandler.c"
 Parameters:    Size  Location     Type
  dev             1    wreg     unsigned char 
 Auto vars:     Size  Location     Type
  dev             1   37[COMRAM] unsigned char 
 Return value:  Size  Location     Type
                  1    wreg      void 
 Registers used:
		wreg, fsr0l, fsr0h, status,2, status,0, tblptrl, tblptrh, tblptru, cstack
 Tracked objects:
		On entry : 
		On exit  : 
		Unchanged: 
 Data sizes:     COMRAM   BANK0   BANK1   BANK2   BANK3   BANK4   BANK5   BANK6   BANK7   BANK8   BANK9  BANK10  BANK11  BANK12  BANK13  BANK14
      Params:         0       0       0       0       0       0       0       0       0       0       0       0       0       0       0       0
      Locals:         1       0       0       0       0       0       0       0       0       0       0       0       0       0       0       0
      Temps:          0       0       0       0       0       0       0       0       0       0       0       0       0       0       0       0
      Totals:         1       0       0       0       0       0       0       0       0       0       0       0       0       0       0       0
Total ram usage:        1 bytes
 Hardware stack levels used:    1
 Hardware stack levels required when called:    5
 This function calls:
		_wait_ms
		_writeString
 This function is called by:
		_main
 This function uses a non-reentrant model


 *************** function _writeString *****************
 Defined at:
		line 97 in file "uart.c"
 Parameters:    Size  Location     Type
  str             2    2[BANK0 ] PTR unsigned char 
		 -> parsedString(17), allDataString(70), STR_2(4), STR_1(5), 
  dev             1    4[BANK0 ] unsigned char 
 Auto vars:     Size  Location     Type
  i               2    7[BANK0 ] int 
 Return value:  Size  Location     Type
                  1    wreg      void 
 Registers used:
		wreg, fsr0l, fsr0h, status,2, status,0, tblptrl, tblptrh, tblptru, cstack
 Tracked objects:
		On entry : 
		On exit  : 
		Unchanged: 
 Data sizes:     COMRAM   BANK0   BANK1   BANK2   BANK3   BANK4   BANK5   BANK6   BANK7   BANK8   BANK9  BANK10  BANK11  BANK12  BANK13  BANK14
      Params:         0       3       0       0       0       0       0       0       0       0       0       0       0       0       0       0
      Locals:         0       2       0       0       0       0       0       0       0       0       0       0       0       0       0       0
      Temps:          0       2       0       0       0       0       0       0       0       0       0       0       0       0       0       0
      Totals:         0       7       0       0       0       0       0       0       0       0       0       0       0       0       0       0
Total ram usage:        7 bytes
 Hardware stack levels used:    1
 Hardware stack levels required when called:    4
 This function calls:
		_UART_Write
		_strlen
 This function is called by:
		_main
		_writeResult
 This function uses a non-reentrant model


 *************** function _UART_Write *****************
 Defined at:
		line 61 in file "uart.c"
 Parameters:    Size  Location     Type
  data            1    wreg     unsigned char 
  dev             1   33[COMRAM] unsigned char 
 Auto vars:     Size  Location     Type
  data            1   34[COMRAM] unsigned char 
 Return value:  Size  Location     Type
                  1    wreg      void 
 Registers used:
		wreg, status,2, status,0
 Tracked objects:
		On entry : 
		On exit  : 
		Unchanged: 
 Data sizes:     COMRAM   BANK0   BANK1   BANK2   BANK3   BANK4   BANK5   BANK6   BANK7   BANK8   BANK9  BANK10  BANK11  BANK12  BANK13  BANK14
      Params:         1       0       0       0       0       0       0       0       0       0       0       0       0       0       0       0
      Locals:         1       0       0       0       0       0       0       0       0       0       0       0       0       0       0       0
      Temps:          0       0       0       0       0       0       0       0       0       0       0       0       0       0       0       0
      Totals:         2       0       0       0       0       0       0       0       0       0       0       0       0       0       0       0
Total ram usage:        2 bytes
 Hardware stack levels used:    1
 Hardware stack levels required when called:    3
 This function calls:
		Nothing
 This function is called by:
		_main
		_writeString
 This function uses a non-reentrant model


 *************** function _wait_ms *****************
 Defined at:
		line 35 in file "system.c"
 Parameters:    Size  Location     Type
  time            2    8[BANK0 ] int 
 Auto vars:     Size  Location     Type
		None
 Return value:  Size  Location     Type
                  1    wreg      void 
 Registers used:
		wreg, status,2, status,0, cstack
 Tracked objects:
		On entry : 
		On exit  : 
		Unchanged: 
 Data sizes:     COMRAM   BANK0   BANK1   BANK2   BANK3   BANK4   BANK5   BANK6   BANK7   BANK8   BANK9  BANK10  BANK11  BANK12  BANK13  BANK14
      Params:         0       2       0       0       0       0       0       0       0       0       0       0       0       0       0       0
      Locals:         0       0       0       0       0       0       0       0       0       0       0       0       0       0       0       0
      Temps:          0       0       0       0       0       0       0       0       0       0       0       0       0       0       0       0
      Totals:         0       2       0       0       0       0       0       0       0       0       0       0       0       0       0       0
Total ram usage:        2 bytes
 Hardware stack levels used:    1
 Hardware stack levels required when called:    4
 This function calls:
		___lmul
 This function is called by:
		_main
		_writeResult
 This function uses a non-reentrant model


 *************** function ___lmul *****************
 Defined at:
		line 15 in file "C:\Program Files (x86)\Microchip\xc8\v1.41\sources\common\Umul32.c"
 Parameters:    Size  Location     Type
  multiplier      4    0[BANK0 ] unsigned long 
  multiplicand    4    4[BANK0 ] unsigned long 
 Auto vars:     Size  Location     Type
  product         4   33[COMRAM] unsigned long 
 Return value:  Size  Location     Type
                  4    0[BANK0 ] unsigned long 
 Registers used:
		wreg, status,2, status,0
 Tracked objects:
		On entry : 
		On exit  : 
		Unchanged: 
 Data sizes:     COMRAM   BANK0   BANK1   BANK2   BANK3   BANK4   BANK5   BANK6   BANK7   BANK8   BANK9  BANK10  BANK11  BANK12  BANK13  BANK14
      Params:         0       8       0       0       0       0       0       0       0       0       0       0       0       0       0       0
      Locals:         4       0       0       0       0       0       0       0       0       0       0       0       0       0       0       0
      Temps:          0       0       0       0       0       0       0       0       0       0       0       0       0       0       0       0
      Totals:         4       8       0       0       0       0       0       0       0       0       0       0       0       0       0       0
Total ram usage:       12 bytes
 Hardware stack levels used:    1
 Hardware stack levels required when called:    3
 This function calls:
		Nothing
 This function is called by:
		_wait_ms
 This function uses a non-reentrant model


 *************** function _parseString *****************
 Defined at:
		line 98 in file "bufferhandler.c"
 Parameters:    Size  Location     Type
		None
 Auto vars:     Size  Location     Type
  i               2   30[BANK0 ] int 
  tmp             2   32[BANK0 ] int 
  k               2   28[BANK0 ] int 
  socEndPos       2   26[BANK0 ] int 
  socStartPos     2   24[BANK0 ] int 
  chgStart        2   21[BANK0 ] int 
  socSize         2   19[BANK0 ] int 
  chgStop         2   16[BANK0 ] int 
  CHG             1   23[BANK0 ] unsigned char 
  tmpSOC          1   18[BANK0 ] unsigned char 
 Return value:  Size  Location     Type
                  1    wreg      unsigned char 
 Registers used:
		wreg, fsr0l, fsr0h, fsr1l, fsr1h, fsr2l, fsr2h, status,2, status,0, tblptrl, tblptrh, tblptru, prodl, prodh, cstack
 Tracked objects:
		On entry : 
		On exit  : 
		Unchanged: 
 Data sizes:     COMRAM   BANK0   BANK1   BANK2   BANK3   BANK4   BANK5   BANK6   BANK7   BANK8   BANK9  BANK10  BANK11  BANK12  BANK13  BANK14
      Params:         0       0       0       0       0       0       0       0       0       0       0       0       0       0       0       0
      Locals:         0      18       0       0       0       0       0       0       0       0       0       0       0       0       0       0
      Temps:          0       4       0       0       0       0       0       0       0       0       0       0       0       0       0       0
      Totals:         0      22       0       0       0       0       0       0       0       0       0       0       0       0       0       0
Total ram usage:       22 bytes
 Hardware stack levels used:    1
 Hardware stack levels required when called:    6
 This function calls:
		___awdiv
		___awmod
		_checkString
		_lenHelper
		_transformToTwoDigitNumber
 This function is called by:
		_main
 This function uses a non-reentrant model


 *************** function _transformToTwoDigitNumber *****************
 Defined at:
		line 169 in file "bufferhandler.c"
 Parameters:    Size  Location     Type
  number          2    2[BANK0 ] PTR int 
		 -> SOC(6), 
  size            2    4[BANK0 ] int 
 Auto vars:     Size  Location     Type
  result          2    8[BANK0 ] int 
 Return value:  Size  Location     Type
                  2    2[BANK0 ] int 
 Registers used:
		wreg, fsr2l, fsr2h, status,2, status,0, prodl, prodh, cstack
 Tracked objects:
		On entry : 
		On exit  : 
		Unchanged: 
 Data sizes:     COMRAM   BANK0   BANK1   BANK2   BANK3   BANK4   BANK5   BANK6   BANK7   BANK8   BANK9  BANK10  BANK11  BANK12  BANK13  BANK14
      Params:         0       4       0       0       0       0       0       0       0       0       0       0       0       0       0       0
      Locals:         0       2       0       0       0       0       0       0       0       0       0       0       0       0       0       0
      Temps:          0       2       0       0       0       0       0       0       0       0       0       0       0       0       0       0
      Totals:         0       8       0       0       0       0       0       0       0       0       0       0       0       0       0       0
Total ram usage:        8 bytes
 Hardware stack levels used:    1
 Hardware stack levels required when called:    4
 This function calls:
		___wmul
 This function is called by:
		_parseString
 This function uses a non-reentrant model


 *************** function ___wmul *****************
 Defined at:
		line 15 in file "C:\Program Files (x86)\Microchip\xc8\v1.41\sources\common\Umul16.c"
 Parameters:    Size  Location     Type
  multiplier      2   33[COMRAM] unsigned int 
  multiplicand    2   35[COMRAM] unsigned int 
 Auto vars:     Size  Location     Type
  product         2    0[BANK0 ] unsigned int 
 Return value:  Size  Location     Type
                  2   33[COMRAM] unsigned int 
 Registers used:
		wreg, status,2, status,0, prodl, prodh
 Tracked objects:
		On entry : 
		On exit  : 
		Unchanged: 
 Data sizes:     COMRAM   BANK0   BANK1   BANK2   BANK3   BANK4   BANK5   BANK6   BANK7   BANK8   BANK9  BANK10  BANK11  BANK12  BANK13  BANK14
      Params:         4       0       0       0       0       0       0       0       0       0       0       0       0       0       0       0
      Locals:         0       2       0       0       0       0       0       0       0       0       0       0       0       0       0       0
      Temps:          0       0       0       0       0       0       0       0       0       0       0       0       0       0       0       0
      Totals:         4       2       0       0       0       0       0       0       0       0       0       0       0       0       0       0
Total ram usage:        6 bytes
 Hardware stack levels used:    1
 Hardware stack levels required when called:    3
 This function calls:
		Nothing
 This function is called by:
		_transformToTwoDigitNumber
 This function uses a non-reentrant model


 *************** function _lenHelper *****************
 Defined at:
		line 158 in file "bufferhandler.c"
 Parameters:    Size  Location     Type
  x               2   33[COMRAM] int 
 Auto vars:     Size  Location     Type
		None
 Return value:  Size  Location     Type
                  2   33[COMRAM] int 
 Registers used:
		wreg, status,2, status,0
 Tracked objects:
		On entry : 
		On exit  : 
		Unchanged: 
 Data sizes:     COMRAM   BANK0   BANK1   BANK2   BANK3   BANK4   BANK5   BANK6   BANK7   BANK8   BANK9  BANK10  BANK11  BANK12  BANK13  BANK14
      Params:         2       0       0       0       0       0       0       0       0       0       0       0       0       0       0       0
      Locals:         0       0       0       0       0       0       0       0       0       0       0       0       0       0       0       0
      Temps:          0       0       0       0       0       0       0       0       0       0       0       0       0       0       0       0
      Totals:         2       0       0       0       0       0       0       0       0       0       0       0       0       0       0       0
Total ram usage:        2 bytes
 Hardware stack levels used:    1
 Hardware stack levels required when called:    3
 This function calls:
		Nothing
 This function is called by:
		_parseString
 This function uses a non-reentrant model


 *************** function _checkString *****************
 Defined at:
		line 202 in file "bufferhandler.c"
 Parameters:    Size  Location     Type
		None
 Auto vars:     Size  Location     Type
  i               2   10[BANK0 ] int 
 Return value:  Size  Location     Type
                  1    wreg      void 
 Registers used:
		wreg, fsr0l, fsr0h, fsr2l, fsr2h, status,2, status,0, tblptrl, tblptrh, tblptru, cstack
 Tracked objects:
		On entry : 
		On exit  : 
		Unchanged: 
 Data sizes:     COMRAM   BANK0   BANK1   BANK2   BANK3   BANK4   BANK5   BANK6   BANK7   BANK8   BANK9  BANK10  BANK11  BANK12  BANK13  BANK14
      Params:         0       0       0       0       0       0       0       0       0       0       0       0       0       0       0       0
      Locals:         0       2       0       0       0       0       0       0       0       0       0       0       0       0       0       0
      Temps:          0       4       0       0       0       0       0       0       0       0       0       0       0       0       0       0
      Totals:         0       6       0       0       0       0       0       0       0       0       0       0       0       0       0       0
Total ram usage:        6 bytes
 Hardware stack levels used:    1
 Hardware stack levels required when called:    5
 This function calls:
		_checkPos
 This function is called by:
		_parseString
 This function uses a non-reentrant model


 *************** function _checkPos *****************
 Defined at:
		line 218 in file "bufferhandler.c"
 Parameters:    Size  Location     Type
  pos             2    2[BANK0 ] int 
 Auto vars:     Size  Location     Type
  i               2    4[BANK0 ] int 
 Return value:  Size  Location     Type
                  2    2[BANK0 ] int 
 Registers used:
		wreg, fsr0l, fsr0h, fsr2l, fsr2h, status,2, status,0, tblptrl, tblptrh, tblptru, cstack
 Tracked objects:
		On entry : 
		On exit  : 
		Unchanged: 
 Data sizes:     COMRAM   BANK0   BANK1   BANK2   BANK3   BANK4   BANK5   BANK6   BANK7   BANK8   BANK9  BANK10  BANK11  BANK12  BANK13  BANK14
      Params:         0       2       0       0       0       0       0       0       0       0       0       0       0       0       0       0
      Locals:         0       2       0       0       0       0       0       0       0       0       0       0       0       0       0       0
      Temps:          1       0       0       0       0       0       0       0       0       0       0       0       0       0       0       0
      Totals:         1       4       0       0       0       0       0       0       0       0       0       0       0       0       0       0
Total ram usage:        5 bytes
 Hardware stack levels used:    1
 Hardware stack levels required when called:    4
 This function calls:
		_strlen
 This function is called by:
		_checkString
 This function uses a non-reentrant model


 *************** function ___awmod *****************
 Defined at:
		line 8 in file "C:\Program Files (x86)\Microchip\xc8\v1.41\sources\common\awmod.c"
 Parameters:    Size  Location     Type
  dividend        2   33[COMRAM] int 
  divisor         2   35[COMRAM] int 
 Auto vars:     Size  Location     Type
  sign            1    1[BANK0 ] unsigned char 
  counter         1    0[BANK0 ] unsigned char 
 Return value:  Size  Location     Type
                  2   33[COMRAM] int 
 Registers used:
		wreg, status,2, status,0
 Tracked objects:
		On entry : 
		On exit  : 
		Unchanged: 
 Data sizes:     COMRAM   BANK0   BANK1   BANK2   BANK3   BANK4   BANK5   BANK6   BANK7   BANK8   BANK9  BANK10  BANK11  BANK12  BANK13  BANK14
      Params:         4       0       0       0       0       0       0       0       0       0       0       0       0       0       0       0
      Locals:         0       2       0       0       0       0       0       0       0       0       0       0       0       0       0       0
      Temps:          0       0       0       0       0       0       0       0       0       0       0       0       0       0       0       0
      Totals:         4       2       0       0       0       0       0       0       0       0       0       0       0       0       0       0
Total ram usage:        6 bytes
 Hardware stack levels used:    1
 Hardware stack levels required when called:    3
 This function calls:
		Nothing
 This function is called by:
		_parseString
 This function uses a non-reentrant model


 *************** function ___awdiv *****************
 Defined at:
		line 8 in file "C:\Program Files (x86)\Microchip\xc8\v1.41\sources\common\awdiv.c"
 Parameters:    Size  Location     Type
  dividend        2   33[COMRAM] int 
  divisor         2   35[COMRAM] int 
 Auto vars:     Size  Location     Type
  quotient        2    2[BANK0 ] int 
  sign            1    1[BANK0 ] unsigned char 
  counter         1    0[BANK0 ] unsigned char 
 Return value:  Size  Location     Type
                  2   33[COMRAM] int 
 Registers used:
		wreg, status,2, status,0
 Tracked objects:
		On entry : 
		On exit  : 
		Unchanged: 
 Data sizes:     COMRAM   BANK0   BANK1   BANK2   BANK3   BANK4   BANK5   BANK6   BANK7   BANK8   BANK9  BANK10  BANK11  BANK12  BANK13  BANK14
      Params:         4       0       0       0       0       0       0       0       0       0       0       0       0       0       0       0
      Locals:         0       4       0       0       0       0       0       0       0       0       0       0       0       0       0       0
      Temps:          0       0       0       0       0       0       0       0       0       0       0       0       0       0       0       0
      Totals:         4       4       0       0       0       0       0       0       0       0       0       0       0       0       0       0
Total ram usage:        8 bytes
 Hardware stack levels used:    1
 Hardware stack levels required when called:    3
 This function calls:
		Nothing
 This function is called by:
		_parseString
 This function uses a non-reentrant model


 *************** function _isValid *****************
 Defined at:
		line 79 in file "bufferhandler.c"
 Parameters:    Size  Location     Type
		None
 Auto vars:     Size  Location     Type
		None
 Return value:  Size  Location     Type
                  1    wreg      unsigned char 
 Registers used:
		wreg, status,2, status,0
 Tracked objects:
		On entry : 
		On exit  : 
		Unchanged: 
 Data sizes:     COMRAM   BANK0   BANK1   BANK2   BANK3   BANK4   BANK5   BANK6   BANK7   BANK8   BANK9  BANK10  BANK11  BANK12  BANK13  BANK14
      Params:         0       0       0       0       0       0       0       0       0       0       0       0       0       0       0       0
      Locals:         0       0       0       0       0       0       0       0       0       0       0       0       0       0       0       0
      Temps:          0       0       0       0       0       0       0       0       0       0       0       0       0       0       0       0
      Totals:         0       0       0       0       0       0       0       0       0       0       0       0       0       0       0       0
Total ram usage:        0 bytes
 Hardware stack levels used:    1
 Hardware stack levels required when called:    3
 This function calls:
		Nothing
 This function is called by:
		_main
 This function uses a non-reentrant model


 *************** function _isItLongEnough *****************
 Defined at:
		line 40 in file "bufferhandler.c"
 Parameters:    Size  Location     Type
		None
 Auto vars:     Size  Location     Type
		None
 Return value:  Size  Location     Type
                  1    wreg      unsigned char 
 Registers used:
		wreg, status,2, status,0
 Tracked objects:
		On entry : 
		On exit  : 
		Unchanged: 
 Data sizes:     COMRAM   BANK0   BANK1   BANK2   BANK3   BANK4   BANK5   BANK6   BANK7   BANK8   BANK9  BANK10  BANK11  BANK12  BANK13  BANK14
      Params:         0       0       0       0       0       0       0       0       0       0       0       0       0       0       0       0
      Locals:         0       0       0       0       0       0       0       0       0       0       0       0       0       0       0       0
      Temps:          0       0       0       0       0       0       0       0       0       0       0       0       0       0       0       0
      Totals:         0       0       0       0       0       0       0       0       0       0       0       0       0       0       0       0
Total ram usage:        0 bytes
 Hardware stack levels used:    1
 Hardware stack levels required when called:    3
 This function calls:
		Nothing
 This function is called by:
		_main
 This function uses a non-reentrant model


 *************** function _copyTmpBuffer *****************
 Defined at:
		line 57 in file "bufferhandler.c"
 Parameters:    Size  Location     Type
		None
 Auto vars:     Size  Location     Type
  i               2   34[COMRAM] int 
 Return value:  Size  Location     Type
                  1    wreg      void 
 Registers used:
		wreg, fsr1l, fsr1h, fsr2l, fsr2h, status,2, status,0
 Tracked objects:
		On entry : 
		On exit  : 
		Unchanged: 
 Data sizes:     COMRAM   BANK0   BANK1   BANK2   BANK3   BANK4   BANK5   BANK6   BANK7   BANK8   BANK9  BANK10  BANK11  BANK12  BANK13  BANK14
      Params:         0       0       0       0       0       0       0       0       0       0       0       0       0       0       0       0
      Locals:         2       0       0       0       0       0       0       0       0       0       0       0       0       0       0       0
      Temps:          1       0       0       0       0       0       0       0       0       0       0       0       0       0       0       0
      Totals:         3       0       0       0       0       0       0       0       0       0       0       0       0       0       0       0
Total ram usage:        3 bytes
 Hardware stack levels used:    1
 Hardware stack levels required when called:    3
 This function calls:
		Nothing
 This function is called by:
		_main
 This function uses a non-reentrant model


 *************** function _clearBuffer *****************
 Defined at:
		line 49 in file "bufferhandler.c"
 Parameters:    Size  Location     Type
		None
 Auto vars:     Size  Location     Type
  i               2    2[BANK0 ] int 
 Return value:  Size  Location     Type
                  1    wreg      void 
 Registers used:
		wreg, fsr0l, fsr0h, fsr2l, fsr2h, status,2, status,0, tblptrl, tblptrh, tblptru, cstack
 Tracked objects:
		On entry : 
		On exit  : 
		Unchanged: 
 Data sizes:     COMRAM   BANK0   BANK1   BANK2   BANK3   BANK4   BANK5   BANK6   BANK7   BANK8   BANK9  BANK10  BANK11  BANK12  BANK13  BANK14
      Params:         0       0       0       0       0       0       0       0       0       0       0       0       0       0       0       0
      Locals:         0       2       0       0       0       0       0       0       0       0       0       0       0       0       0       0
      Temps:          0       0       0       0       0       0       0       0       0       0       0       0       0       0       0       0
      Totals:         0       2       0       0       0       0       0       0       0       0       0       0       0       0       0       0
Total ram usage:        2 bytes
 Hardware stack levels used:    1
 Hardware stack levels required when called:    4
 This function calls:
		_strlen
 This function is called by:
		_main
 This function uses a non-reentrant model


 *************** function _strlen *****************
 Defined at:
		line 4 in file "C:\Program Files (x86)\Microchip\xc8\v1.41\sources\common\strlen.c"
 Parameters:    Size  Location     Type
  s               2   33[COMRAM] PTR const unsigned char 
		 -> parsedString(17), allDataString(70), tmpString(70), STR_2(4), 
		 -> STR_1(5), 
 Auto vars:     Size  Location     Type
  cp              2    0[BANK0 ] PTR const unsigned char 
		 -> parsedString(17), allDataString(70), tmpString(70), STR_2(4), 
		 -> STR_1(5), 
 Return value:  Size  Location     Type
                  2   33[COMRAM] unsigned int 
 Registers used:
		wreg, fsr0l, fsr0h, status,2, status,0, tblptrl, tblptrh, tblptru
 Tracked objects:
		On entry : 
		On exit  : 
		Unchanged: 
 Data sizes:     COMRAM   BANK0   BANK1   BANK2   BANK3   BANK4   BANK5   BANK6   BANK7   BANK8   BANK9  BANK10  BANK11  BANK12  BANK13  BANK14
      Params:         2       0       0       0       0       0       0       0       0       0       0       0       0       0       0       0
      Locals:         0       2       0       0       0       0       0       0       0       0       0       0       0       0       0       0
      Temps:          2       0       0       0       0       0       0       0       0       0       0       0       0       0       0       0
      Totals:         4       2       0       0       0       0       0       0       0       0       0       0       0       0       0       0
Total ram usage:        6 bytes
 Hardware stack levels used:    1
 Hardware stack levels required when called:    3
 This function calls:
		Nothing
 This function is called by:
		_writeString
		_clearBuffer
		_checkPos
 This function uses a non-reentrant model


 *************** function _UART_Init *****************
 Defined at:
		line 31 in file "uart.c"
 Parameters:    Size  Location     Type
  baudrate        4   33[COMRAM] const long 
 Auto vars:     Size  Location     Type
		None
 Return value:  Size  Location     Type
                  1    wreg      unsigned char 
 Registers used:
		wreg, status,2
 Tracked objects:
		On entry : 
		On exit  : 
		Unchanged: 
 Data sizes:     COMRAM   BANK0   BANK1   BANK2   BANK3   BANK4   BANK5   BANK6   BANK7   BANK8   BANK9  BANK10  BANK11  BANK12  BANK13  BANK14
      Params:         4       0       0       0       0       0       0       0       0       0       0       0       0       0       0       0
      Locals:         0       0       0       0       0       0       0       0       0       0       0       0       0       0       0       0
      Temps:          0       0       0       0       0       0       0       0       0       0       0       0       0       0       0       0
      Totals:         4       0       0       0       0       0       0       0       0       0       0       0       0       0       0       0
Total ram usage:        4 bytes
 Hardware stack levels used:    1
 Hardware stack levels required when called:    3
 This function calls:
		Nothing
 This function is called by:
		_main
 This function uses a non-reentrant model


 *************** function _InitApp *****************
 Defined at:
		line 29 in file "user.c"
 Parameters:    Size  Location     Type
		None
 Auto vars:     Size  Location     Type
		None
 Return value:  Size  Location     Type
                  1    wreg      void 
 Registers used:
		wreg, status,2
 Tracked objects:
		On entry : 
		On exit  : 
		Unchanged: 
 Data sizes:     COMRAM   BANK0   BANK1   BANK2   BANK3   BANK4   BANK5   BANK6   BANK7   BANK8   BANK9  BANK10  BANK11  BANK12  BANK13  BANK14
      Params:         0       0       0       0       0       0       0       0       0       0       0       0       0       0       0       0
      Locals:         0       0       0       0       0       0       0       0       0       0       0       0       0       0       0       0
      Temps:          0       0       0       0       0       0       0       0       0       0       0       0       0       0       0       0
      Totals:         0       0       0       0       0       0       0       0       0       0       0       0       0       0       0       0
Total ram usage:        0 bytes
 Hardware stack levels used:    1
 Hardware stack levels required when called:    3
 This function calls:
		Nothing
 This function is called by:
		_main
 This function uses a non-reentrant model


 *************** function _ConfigureOscillator *****************
 Defined at:
		line 24 in file "system.c"
 Parameters:    Size  Location     Type
		None
 Auto vars:     Size  Location     Type
		None
 Return value:  Size  Location     Type
                  1    wreg      void 
 Registers used:
		wreg, status,2
 Tracked objects:
		On entry : 
		On exit  : 
		Unchanged: 
 Data sizes:     COMRAM   BANK0   BANK1   BANK2   BANK3   BANK4   BANK5   BANK6   BANK7   BANK8   BANK9  BANK10  BANK11  BANK12  BANK13  BANK14
      Params:         0       0       0       0       0       0       0       0       0       0       0       0       0       0       0       0
      Locals:         0       0       0       0       0       0       0       0       0       0       0       0       0       0       0       0
      Temps:          0       0       0       0       0       0       0       0       0       0       0       0       0       0       0       0
      Totals:         0       0       0       0       0       0       0       0       0       0       0       0       0       0       0       0
Total ram usage:        0 bytes
 Hardware stack levels used:    1
 Hardware stack levels required when called:    3
 This function calls:
		Nothing
 This function is called by:
		_main
 This function uses a non-reentrant model


 *************** function _low_isr *****************
 Defined at:
		line 66 in file "interrupts.c"
 Parameters:    Size  Location     Type
		None
 Auto vars:     Size  Location     Type
		None
 Return value:  Size  Location     Type
                  1    wreg      void 
 Registers used:
		None
 Tracked objects:
		On entry : 
		On exit  : 
		Unchanged: 
 Data sizes:     COMRAM   BANK0   BANK1   BANK2   BANK3   BANK4   BANK5   BANK6   BANK7   BANK8   BANK9  BANK10  BANK11  BANK12  BANK13  BANK14
      Params:         0       0       0       0       0       0       0       0       0       0       0       0       0       0       0       0
      Locals:         0       0       0       0       0       0       0       0       0       0       0       0       0       0       0       0
      Temps:         17       0       0       0       0       0       0       0       0       0       0       0       0       0       0       0
      Totals:        17       0       0       0       0       0       0       0       0       0       0       0       0       0       0       0
Total ram usage:       17 bytes
 Hardware stack levels used:    1
 Hardware stack levels required when called:    2
 This function calls:
		Nothing
 This function is called by:
		Interrupt level 1
 This function uses a non-reentrant model


 *************** function _high_isr *****************
 Defined at:
		line 30 in file "interrupts.c"
 Parameters:    Size  Location     Type
		None
 Auto vars:     Size  Location     Type
		None
 Return value:  Size  Location     Type
                  1    wreg      void 
 Registers used:
		wreg, fsr2l, fsr2h, status,2, status,0, cstack
 Tracked objects:
		On entry : 
		On exit  : 
		Unchanged: 
 Data sizes:     COMRAM   BANK0   BANK1   BANK2   BANK3   BANK4   BANK5   BANK6   BANK7   BANK8   BANK9  BANK10  BANK11  BANK12  BANK13  BANK14
      Params:         0       0       0       0       0       0       0       0       0       0       0       0       0       0       0       0
      Locals:         0       0       0       0       0       0       0       0       0       0       0       0       0       0       0       0
      Temps:         15       0       0       0       0       0       0       0       0       0       0       0       0       0       0       0
      Totals:        15       0       0       0       0       0       0       0       0       0       0       0       0       0       0       0
Total ram usage:       15 bytes
 Hardware stack levels used:    1
 Hardware stack levels required when called:    1
 This function calls:
		_appendChar
 This function is called by:
		Interrupt level 2
 This function uses a non-reentrant model


 *************** function _appendChar *****************
 Defined at:
		line 34 in file "bufferhandler.c"
 Parameters:    Size  Location     Type
  data            1    wreg     unsigned char 
 Auto vars:     Size  Location     Type
  data            1    0[COMRAM] unsigned char 
 Return value:  Size  Location     Type
                  1    wreg      void 
 Registers used:
		wreg, fsr2l, fsr2h, status,2, status,0
 Tracked objects:
		On entry : 
		On exit  : 
		Unchanged: 
 Data sizes:     COMRAM   BANK0   BANK1   BANK2   BANK3   BANK4   BANK5   BANK6   BANK7   BANK8   BANK9  BANK10  BANK11  BANK12  BANK13  BANK14
      Params:         0       0       0       0       0       0       0       0       0       0       0       0       0       0       0       0
      Locals:         1       0       0       0       0       0       0       0       0       0       0       0       0       0       0       0
      Temps:          0       0       0       0       0       0       0       0       0       0       0       0       0       0       0       0
      Totals:         1       0       0       0       0       0       0       0       0       0       0       0       0       0       0       0
Total ram usage:        1 bytes
 Hardware stack levels used:    1
 This function calls:
		Nothing
 This function is called by:
		_high_isr
 This function uses a non-reentrant model



MODULE INFORMATION

Module		Function		Class		Link	Load	Size
C:\Program Files (x86)\Microchip\xc8\v1.41\sources\common\awdiv.c
		___awdiv       		CODE           	13D2	0000	157

C:\Program Files (x86)\Microchip\xc8\v1.41\sources\common\awdiv.c estimated size: 157

bufferhandler.c
		_checkString   		CODE           	1240	0000	221
		_isValid       		CODE           	18E6	0000	59
		_writeResult   		CODE           	18AC	0000	59
		_appendChar    		CODE           	19CE	0000	25
		_checkPos      		CODE           	1664	0000	93
		_transformToTwoDigitNumber		CODE           	1102	0000	319
		_copyTmpBuffer 		CODE           	186C	0000	65
		_lenHelper     		CODE           	1774	0000	89
		_parseString   		CODE           	0F0C	0000	503
		_clearBuffer   		CODE           	17CC	0000	83
		_isItLongEnough		CODE           	19B6	0000	25

bufferhandler.c estimated size: 1541

uart.c
		_writeString   		CODE           	1586	0000	115
		_UART_Init     		CODE           	1920	0000	51
		_UART_Write    		CODE           	199A	0000	29

uart.c estimated size: 195

C:\Program Files (x86)\Microchip\xc8\v1.41\sources\common\Umul16.c
		___wmul        		CODE           	1952	0000	43

C:\Program Files (x86)\Microchip\xc8\v1.41\sources\common\Umul16.c estimated size: 43

interrupts.c
		_high_isr      		CODE           	0008	0000	161
		_low_isr       		CODE           	0018	0000	143

interrupts.c estimated size: 304

C:\Program Files (x86)\Microchip\xc8\v1.41\sources\common\Umul32.c
		___lmul        		CODE           	15F8	0000	109

C:\Program Files (x86)\Microchip\xc8\v1.41\sources\common\Umul32.c estimated size: 109

shared
		__initialization		CODE           	181E	0000	69

shared estimated size: 69

C:\Program Files (x86)\Microchip\xc8\v1.41\sources\common\strlen.c
		_strlen        		CODE           	171A	0000	91

C:\Program Files (x86)\Microchip\xc8\v1.41\sources\common\strlen.c estimated size: 91

C:\Program Files (x86)\Microchip\xc8\v1.41\sources\common\awmod.c
		___awmod       		CODE           	1508	0000	127

C:\Program Files (x86)\Microchip\xc8\v1.41\sources\common\awmod.c estimated size: 127

user.c
		_InitApp       		CODE           	197C	0000	31

user.c estimated size: 31

main.c
		_main          		CODE           	131C	0000	183

main.c estimated size: 183

system.c
		_ConfigureOscillator		CODE           	19F8	0000	13
		_wait_ms       		CODE           	16C0	0000	91

system.c estimated size: 104

